
# LQO
* git rm vs rm
http://whatthecommit.com/index.txt

# Concepts
[Fast forward merge](https://sandofsky.com/images/fast_forward.pdf)
[git merge recursive strategy](https://www.youtube.com/watch?v=Lg1igaCtAck)
git diff: working tree..index
git diff --cached or --staged: index..HEAD
git diff HEAD:working tree..HEAD

# Config
[apply]
	whitespace = nowarn
	ignorewhitespace = change
[core]
	whitespace = trailing-space,space-before-tab,indent-with-non-tab

# Find version
[Finding a patch's kernel version with git]https://lwn.net/Articles/392293/)

# Revisions
man gitrevisions
https://devhints.io/git-revisions

# Refname
fyang@l3mule:~/s/kernel> git log 1134097
warning: refname '1134097' is ambiguous.
fyang@l3mule:~/s/kernel> git show-ref 1134097
c67a386867f01ef87eac9885d11145f26a95cb1b refs/heads/1134097
f624f8550c03337514c5a6c13c3daa0d516a90fd refs/remotes/fkcr/users/fyang/SLE12-SP4/1134097
git check-ref-format

# Usage
[git format-patch a merge commit](http://stackoverflow.com/questions/2285699/git-how-to-create-patches-for-a-merge)
git log -p --pretty=email --stat -m --first-parent 1ca72c^..1ca72c
git log -p --pretty=email --stat -m --first-parent origin/master..HEAD > feature.patch
http://git.661346.n2.nabble.com/PATCH-Allow-format-patch-to-create-patches-for-merges-td2218034.html
* [git](http://git-scm.com/docs)
git ls-files -d |xargs -i git checkout {}
git log -S "RTN_UNSPEC" --source --all
* reverse find all the blame from start commit id to now
git blame --reverse 9e734775f7c22d2f89943ad6c745571f1930105f..   include/linux/netlink.h
* find kernel version of path
git describe --contains
git tag --contains <id>
* find commit id of a tag
git rev-parse v2.6.12-rc2
*  blame before a commit
git blame sha1^ -- path/to/file
* find commit after specific commit
git log  --oneline  --ancestry-path   c146066ab^^..HEAD  net/ipv4/ip_output.c
* find when line was deleted
git log -c -S'missingtext' /path/to/file

# git diff
git -c core.whitespace=tab-in-indent diff --check

# git format-patch
form a list
NUM=0;awk '{print $1}' g.log  | while read line; do f=$(git format-patch -n1 $line); f1=$f;f=${f#"0001"};NUM=$(( NUM + 1 )); N="$(printf "%04u" "$NUM")";mv -f $f1 $N$f;done

# git pull
git pull {repo} {remotebranchname}:{localbranchname}
git pull origin xyz:xyz
git pull next master:now

# git rebase
fyang@l3mule:~/s/kernel> git checkout  -b 1143300-15 firo/SLE15
Branch '1143300-15' set up to track remote branch 'SLE15' from 'firo'.
Switched to a new branch '1143300-15'
fyang@l3mule:~/s/kernel> git status
On branch 1143300-12-4
nothing to commit, working tree clean
fyang@l3mule:~/s/kernel> git rebase --onto  1143300-15 firo/SLE12-SP4

# git sendmail
shadowsocks
/etc/proxychains.conf
/home/firo/.gitconfig
proxychains git send-email --to dbaryshkov@gmail.com --cc rmk+kernel@arm.linux.org.uk --cc linux-pcmcia@lists.infradead.org  0001-Drivers-pcmcia-Fix-memroy-leak-in-sa11xx_drv_pcmcia_.patch
git send-email --smtp-encryption=tls --smtp-server=smtp.gmail.com --smtp-user=firogm@gmail.com --smtp-server-port=587 --to "kernel-janitors@vger.kernel.org" 0001-x86-Remove-unnecessary-void-pointer-casts.patch

# git show-ref
# git archive
git archive --format zip --output /tmp/zipfile.zip 29435bc
