total 0
crw-------  1 root root     10, 175 Dec  9 10:36 agpgart
crw-------  1 root root     10, 235 Dec  9 10:36 autofs
drwxr-xr-x  2 root root         160 Dec  9 10:36 block
drwxr-xr-x  2 root root          60 Dec  9 10:35 bsg
drwxr-xr-x  3 root root          60 Dec  9 10:35 bus
drwxr-xr-x  2 root root        4140 Dec  9 10:36 char
crw-------  1 root root      5,   1 Dec  9 10:36 console
lrwxrwxrwx  1 root root          11 Dec  9 10:35 core -> /proc/kcore
drwxr-xr-x  6 root root         140 Dec  9 10:35 cpu
crw-------  1 root root     10,  62 Dec  9 10:36 cpu_dma_latency
drwxr-xr-x  4 root root          80 Dec  9 10:35 disk
brw-rw----  1 root disk    253,   0 Dec  9 10:36 dm-0
brw-rw----  1 root disk    253,   1 Dec  9 10:36 dm-1
brw-rw----  1 root disk    253,   2 Dec  9 10:36 dm-2
drwxr-xr-x  2 root root         160 Dec  9 10:36 dri
crw-rw----  1 root video    29,   0 Dec  9 10:36 fb0
crw-rw----  1 root video    29,   1 Dec  9 10:36 fb1
lrwxrwxrwx  1 root root          13 Dec  9 10:35 fd -> /proc/self/fd
drwxr-xr-x  2 root root         100 Dec  9 10:36 fedora
crw-rw-rw-  1 root root      1,   7 Dec  9 10:36 full
crw-------  1 root root     10, 228 Dec  9 10:36 hpet
drwxr-xr-x  2 root root           0 Dec  9 10:36 hugepages
crw-------  1 root root     89,   0 Dec  9 10:36 i2c-0
crw-------  1 root root     89,   1 Dec  9 10:36 i2c-1
crw-------  1 root root     89,  10 Dec  9 10:36 i2c-10
crw-------  1 root root     89,  11 Dec  9 10:36 i2c-11
crw-------  1 root root     89,  12 Dec  9 10:36 i2c-12
crw-------  1 root root     89,  13 Dec  9 10:36 i2c-13
crw-------  1 root root     89,   2 Dec  9 10:36 i2c-2
crw-------  1 root root     89,   3 Dec  9 10:36 i2c-3
crw-------  1 root root     89,   4 Dec  9 10:36 i2c-4
crw-------  1 root root     89,   5 Dec  9 10:36 i2c-5
crw-------  1 root root     89,   6 Dec  9 10:36 i2c-6
crw-------  1 root root     89,   7 Dec  9 10:36 i2c-7
crw-------  1 root root     89,   8 Dec  9 10:36 i2c-8
crw-------  1 root root     89,   9 Dec  9 10:36 i2c-9
lrwxrwxrwx  1 root root          25 Dec  9 10:36 initctl -> /run/systemd/initctl/fifo
drwxr-xr-x  4 root root         320 Dec  9 10:36 input
crw-r--r--  1 root root      1,  11 Dec  9 10:36 kmsg
crw-rw-rw-+ 1 root kvm      10, 232 Dec  9 10:36 kvm
lrwxrwxrwx  1 root root          28 Dec  9 10:35 log -> /run/systemd/journal/dev-log
drwxr-xr-x  2 root root         120 Dec  9 10:36 mapper
crw-------  1 root root     10, 227 Dec  9 10:36 mcelog
crw-------  1 root root    246,   0 Dec  9 10:36 media0
crw-------  1 root root    249,   0 Dec  9 10:36 mei0
crw-r-----  1 root kmem      1,   1 Dec  9 10:36 mem
crw-------  1 root root     10,  59 Dec  9 10:36 memory_bandwidth
drwxrwxrwt  2 root root          40 Dec  9 10:35 mqueue
crw-------  1 root root     10,  61 Dec  9 10:36 network_latency
crw-------  1 root root     10,  60 Dec  9 10:36 network_throughput
crw-rw-rw-  1 root root      1,   3 Dec  9 10:36 null
crw-------  1 root root     10, 144 Dec  9 10:36 nvram
crw-r-----  1 root kmem      1,   4 Dec  9 10:36 port
crw-rw-rw-  1 root tty       5,   2 Dec  9 10:36 ptmx
drwxr-xr-x  2 root root           0 Dec  9 10:35 pts
crw-rw-rw-  1 root root      1,   8 Dec  9 10:36 random
drwxr-xr-x  2 root root          60 Dec  9 10:35 raw
crw-rw-r--+ 1 root root     10,  58 Dec  9 10:36 rfkill
lrwxrwxrwx  1 root root           4 Dec  9 10:36 rtc -> rtc0
crw-------  1 root root    254,   0 Dec  9 10:36 rtc0
brw-rw----  1 root disk      8,   0 Dec  9 10:36 sda
brw-rw----  1 root disk      8,   1 Dec  9 10:36 sda1
brw-rw----  1 root disk      8,   2 Dec  9 10:36 sda2
crw-rw----  1 root disk     21,   0 Dec  9 10:36 sg0
drwxrwxrwt  2 root root         180 Dec  9 10:36 shm
crw-------  1 root root     10, 231 Dec  9 10:36 snapshot
drwxr-xr-x  3 root root         260 Dec  9 10:36 snd
lrwxrwxrwx  1 root root          15 Dec  9 10:35 stderr -> /proc/self/fd/2
lrwxrwxrwx  1 root root          15 Dec  9 10:35 stdin -> /proc/self/fd/0
lrwxrwxrwx  1 root root          15 Dec  9 10:35 stdout -> /proc/self/fd/1
crw-rw-rw-  1 root tty       5,   0 Dec  9 10:36 tty
crw--w----  1 root tty       4,   0 Dec  9 10:36 tty0
crw--w----  1 firo tty       4,   1 Dec  9 10:36 tty1
crw--w----  1 root tty       4,  10 Dec  9 10:36 tty10
crw--w----  1 root tty       4,  11 Dec  9 10:36 tty11
crw--w----  1 root tty       4,  12 Dec  9 10:36 tty12
crw--w----  1 root tty       4,  13 Dec  9 10:36 tty13
crw--w----  1 root tty       4,  14 Dec  9 10:36 tty14
crw--w----  1 root tty       4,  15 Dec  9 10:36 tty15
crw--w----  1 root tty       4,  16 Dec  9 10:36 tty16
crw--w----  1 root tty       4,  17 Dec  9 10:36 tty17
crw--w----  1 root tty       4,  18 Dec  9 10:36 tty18
crw--w----  1 root tty       4,  19 Dec  9 10:36 tty19
crw--w----  1 firo tty       4,   2 Dec  9  2015 tty2
crw--w----  1 root tty       4,  20 Dec  9 10:36 tty20
crw--w----  1 root tty       4,  21 Dec  9 10:36 tty21
crw--w----  1 root tty       4,  22 Dec  9 10:36 tty22
crw--w----  1 root tty       4,  23 Dec  9 10:36 tty23
crw--w----  1 root tty       4,  24 Dec  9 10:36 tty24
crw--w----  1 root tty       4,  25 Dec  9 10:36 tty25
crw--w----  1 root tty       4,  26 Dec  9 10:36 tty26
crw--w----  1 root tty       4,  27 Dec  9 10:36 tty27
crw--w----  1 root tty       4,  28 Dec  9 10:36 tty28
crw--w----  1 root tty       4,  29 Dec  9 10:36 tty29
crw--w----  1 firo tty       4,   3 Dec  9 10:38 tty3
crw--w----  1 root tty       4,  30 Dec  9 10:36 tty30
crw--w----  1 root tty       4,  31 Dec  9 10:36 tty31
crw--w----  1 root tty       4,  32 Dec  9 10:36 tty32
crw--w----  1 root tty       4,  33 Dec  9 10:36 tty33
crw--w----  1 root tty       4,  34 Dec  9 10:36 tty34
crw--w----  1 root tty       4,  35 Dec  9 10:36 tty35
crw--w----  1 root tty       4,  36 Dec  9 10:36 tty36
crw--w----  1 root tty       4,  37 Dec  9 10:36 tty37
crw--w----  1 root tty       4,  38 Dec  9 10:36 tty38
crw--w----  1 root tty       4,  39 Dec  9 10:36 tty39
crw--w----  1 root tty       4,   4 Dec  9 10:36 tty4
crw--w----  1 root tty       4,  40 Dec  9 10:36 tty40
crw--w----  1 root tty       4,  41 Dec  9 10:36 tty41
crw--w----  1 root tty       4,  42 Dec  9 10:36 tty42
crw--w----  1 root tty       4,  43 Dec  9 10:36 tty43
crw--w----  1 root tty       4,  44 Dec  9 10:36 tty44
crw--w----  1 root tty       4,  45 Dec  9 10:36 tty45
crw--w----  1 root tty       4,  46 Dec  9 10:36 tty46
crw--w----  1 root tty       4,  47 Dec  9 10:36 tty47
crw--w----  1 root tty       4,  48 Dec  9 10:36 tty48
crw--w----  1 root tty       4,  49 Dec  9 10:36 tty49
crw--w----  1 root tty       4,   5 Dec  9 10:36 tty5
crw--w----  1 root tty       4,  50 Dec  9 10:36 tty50
crw--w----  1 root tty       4,  51 Dec  9 10:36 tty51
crw--w----  1 root tty       4,  52 Dec  9 10:36 tty52
crw--w----  1 root tty       4,  53 Dec  9 10:36 tty53
crw--w----  1 root tty       4,  54 Dec  9 10:36 tty54
crw--w----  1 root tty       4,  55 Dec  9 10:36 tty55
crw--w----  1 root tty       4,  56 Dec  9 10:36 tty56
crw--w----  1 root tty       4,  57 Dec  9 10:36 tty57
crw--w----  1 root tty       4,  58 Dec  9 10:36 tty58
crw--w----  1 root tty       4,  59 Dec  9 10:36 tty59
crw--w----  1 root tty       4,   6 Dec  9 10:36 tty6
crw--w----  1 root tty       4,  60 Dec  9 10:36 tty60
crw--w----  1 root tty       4,  61 Dec  9 10:36 tty61
crw--w----  1 root tty       4,  62 Dec  9 10:36 tty62
crw--w----  1 root tty       4,  63 Dec  9 10:36 tty63
crw--w----  1 root tty       4,   7 Dec  9 10:36 tty7
crw--w----  1 root tty       4,   8 Dec  9 10:36 tty8
crw--w----  1 root tty       4,   9 Dec  9 10:36 tty9
crw-rw----  1 root dialout   4,  64 Dec  9 10:36 ttyS0
crw-rw----  1 root dialout   4,  65 Dec  9 10:36 ttyS1
crw-rw----  1 root dialout   4,  74 Dec  9 10:36 ttyS10
crw-rw----  1 root dialout   4,  75 Dec  9 10:36 ttyS11
crw-rw----  1 root dialout   4,  76 Dec  9 10:36 ttyS12
crw-rw----  1 root dialout   4,  77 Dec  9 10:36 ttyS13
crw-rw----  1 root dialout   4,  78 Dec  9 10:36 ttyS14
crw-rw----  1 root dialout   4,  79 Dec  9 10:36 ttyS15
crw-rw----  1 root dialout   4,  80 Dec  9 10:36 ttyS16
crw-rw----  1 root dialout   4,  81 Dec  9 10:36 ttyS17
crw-rw----  1 root dialout   4,  82 Dec  9 10:36 ttyS18
crw-rw----  1 root dialout   4,  83 Dec  9 10:36 ttyS19
crw-rw----  1 root dialout   4,  66 Dec  9 10:36 ttyS2
crw-rw----  1 root dialout   4,  84 Dec  9 10:36 ttyS20
crw-rw----  1 root dialout   4,  85 Dec  9 10:36 ttyS21
crw-rw----  1 root dialout   4,  86 Dec  9 10:36 ttyS22
crw-rw----  1 root dialout   4,  87 Dec  9 10:36 ttyS23
crw-rw----  1 root dialout   4,  88 Dec  9 10:36 ttyS24
crw-rw----  1 root dialout   4,  89 Dec  9 10:36 ttyS25
crw-rw----  1 root dialout   4,  90 Dec  9 10:36 ttyS26
crw-rw----  1 root dialout   4,  91 Dec  9 10:36 ttyS27
crw-rw----  1 root dialout   4,  92 Dec  9 10:36 ttyS28
crw-rw----  1 root dialout   4,  93 Dec  9 10:36 ttyS29
crw-rw----  1 root dialout   4,  67 Dec  9 10:36 ttyS3
crw-rw----  1 root dialout   4,  94 Dec  9 10:36 ttyS30
crw-rw----  1 root dialout   4,  95 Dec  9 10:36 ttyS31
crw-rw----  1 root dialout   4,  68 Dec  9 10:36 ttyS4
crw-rw----  1 root dialout   4,  69 Dec  9 10:36 ttyS5
crw-rw----  1 root dialout   4,  70 Dec  9 10:36 ttyS6
crw-rw----  1 root dialout   4,  71 Dec  9 10:36 ttyS7
crw-rw----  1 root dialout   4,  72 Dec  9 10:36 ttyS8
crw-rw----  1 root dialout   4,  73 Dec  9 10:36 ttyS9
crw-rw-rw-  1 root root      1,   9 Dec  9 10:36 urandom
crw-------  1 root root    251,   0 Dec  9 10:36 usbmon0
crw-------  1 root root    251,   1 Dec  9 10:36 usbmon1
crw-------  1 root root    251,   2 Dec  9 10:36 usbmon2
drwxr-xr-x  4 root root          80 Dec  9 10:36 v4l
crw-rw----  1 root tty       7,   0 Dec  9 10:36 vcs
crw-rw----  1 root tty       7,   1 Dec  9 10:36 vcs1
crw-rw----  1 root tty       7,   2 Dec  9 10:36 vcs2
crw-rw----  1 root tty       7,   3 Dec  9 10:36 vcs3
crw-rw----  1 root tty       7,   4 Dec  9 10:36 vcs4
crw-rw----  1 root tty       7,   5 Dec  9 10:36 vcs5
crw-rw----  1 root tty       7,   6 Dec  9 10:36 vcs6
crw-rw----  1 root tty       7, 128 Dec  9 10:36 vcsa
crw-rw----  1 root tty       7, 129 Dec  9 10:36 vcsa1
crw-rw----  1 root tty       7, 130 Dec  9 10:36 vcsa2
crw-rw----  1 root tty       7, 131 Dec  9 10:36 vcsa3
crw-rw----  1 root tty       7, 132 Dec  9 10:36 vcsa4
crw-rw----  1 root tty       7, 133 Dec  9 10:36 vcsa5
crw-rw----  1 root tty       7, 134 Dec  9 10:36 vcsa6
crw-------  1 root root     10,  63 Dec  9 10:36 vga_arbiter
crw-rw----+ 1 root video    81,   0 Dec  9 10:36 video0
crw-------  1 root root     10, 130 Dec  9 10:36 watchdog
crw-------  1 root root    253,   0 Dec  9 10:36 watchdog0
crw-rw-rw-  1 root root      1,   5 Dec  9 10:36 zero
[    0.000000] CPU0 microcode updated early to revision 0x4, date = 2013-06-28
[    0.000000] Initializing cgroup subsys cpuset
[    0.000000] Initializing cgroup subsys cpu
[    0.000000] Initializing cgroup subsys cpuacct
[    0.000000] Linux version 3.18.18-rt16+ (firo@firo) (gcc version 5.1.1 20150618 (Red Hat 5.1.1-4) (GCC) ) #36 SMP Tue Dec 8 23:49:07 CST 2015
[    0.000000] Command line: BOOT_IMAGE=/vmlinuz-3.18.18-rt16+ root=/dev/mapper/fedora-root ro rd.lvm.lv=fedora/swap rd.lvm.lv=fedora/root LANG=en_US.UTF-8 selinux=0 audit=0 radeon.dpm=1
[    0.000000] e820: BIOS-provided physical RAM map:
[    0.000000] BIOS-e820: [mem 0x0000000000000000-0x000000000009b7ff] usable
[    0.000000] BIOS-e820: [mem 0x000000000009b800-0x000000000009ffff] reserved
[    0.000000] BIOS-e820: [mem 0x00000000000dc000-0x00000000000dffff] reserved
[    0.000000] BIOS-e820: [mem 0x00000000000e4000-0x00000000000fffff] reserved
[    0.000000] BIOS-e820: [mem 0x0000000000100000-0x00000000bb27bfff] usable
[    0.000000] BIOS-e820: [mem 0x00000000bb27c000-0x00000000bb281fff] reserved
[    0.000000] BIOS-e820: [mem 0x00000000bb282000-0x00000000bb3edfff] usable
[    0.000000] BIOS-e820: [mem 0x00000000bb3ee000-0x00000000bb40efff] reserved
[    0.000000] BIOS-e820: [mem 0x00000000bb40f000-0x00000000bb46efff] usable
[    0.000000] BIOS-e820: [mem 0x00000000bb46f000-0x00000000bb46ffff] reserved
[    0.000000] BIOS-e820: [mem 0x00000000bb470000-0x00000000bb4f0fff] ACPI NVS
[    0.000000] BIOS-e820: [mem 0x00000000bb4f1000-0x00000000bb70efff] reserved
[    0.000000] BIOS-e820: [mem 0x00000000bb70f000-0x00000000bb716fff] usable
[    0.000000] BIOS-e820: [mem 0x00000000bb717000-0x00000000bb71efff] reserved
[    0.000000] BIOS-e820: [mem 0x00000000bb71f000-0x00000000bb76dfff] usable
[    0.000000] BIOS-e820: [mem 0x00000000bb76e000-0x00000000bb79efff] ACPI NVS
[    0.000000] BIOS-e820: [mem 0x00000000bb79f000-0x00000000bb7ddfff] usable
[    0.000000] BIOS-e820: [mem 0x00000000bb7de000-0x00000000bb7fefff] ACPI data
[    0.000000] BIOS-e820: [mem 0x00000000bb7ff000-0x00000000bb7fffff] usable
[    0.000000] BIOS-e820: [mem 0x00000000bb800000-0x00000000bfffffff] reserved
[    0.000000] BIOS-e820: [mem 0x00000000e0000000-0x00000000efffffff] reserved
[    0.000000] BIOS-e820: [mem 0x00000000f8d04000-0x00000000f8d04fff] reserved
[    0.000000] BIOS-e820: [mem 0x00000000feaff000-0x00000000feafffff] reserved
[    0.000000] BIOS-e820: [mem 0x00000000fec00000-0x00000000fec0ffff] reserved
[    0.000000] BIOS-e820: [mem 0x00000000fed00000-0x00000000fed003ff] reserved
[    0.000000] BIOS-e820: [mem 0x00000000fed1c000-0x00000000fed8ffff] reserved
[    0.000000] BIOS-e820: [mem 0x00000000fee00000-0x00000000fee00fff] reserved
[    0.000000] BIOS-e820: [mem 0x00000000ff000000-0x00000000ffffffff] reserved
[    0.000000] BIOS-e820: [mem 0x0000000100000000-0x000000017bffffff] usable
[    0.000000] BIOS-e820: [mem 0x0000000180000000-0x00000001bbffffff] usable
[    0.000000] NX (Execute Disable) protection: active
[    0.000000] SMBIOS 2.6 present.
[    0.000000] DMI: LENOVO                           IdeaPad Y460    /KL2                             , BIOS 27CN62WW   07/23/2010
[    0.000000] e820: update [mem 0x00000000-0x00000fff] usable ==> reserved
[    0.000000] e820: remove [mem 0x000a0000-0x000fffff] usable
[    0.000000] e820: last_pfn = 0x1bc000 max_arch_pfn = 0x400000000
[    0.000000] MTRR default type: uncachable
[    0.000000] MTRR fixed ranges enabled:
[    0.000000]   00000-9FFFF write-back
[    0.000000]   A0000-BFFFF uncachable
[    0.000000]   C0000-D3FFF write-protect
[    0.000000]   D4000-DBFFF uncachable
[    0.000000]   DC000-FFFFF write-through
[    0.000000] MTRR variable ranges enabled:
[    0.000000]   0 disabled
[    0.000000]   1 base 000000000 mask F80000000 write-back
[    0.000000]   2 base 080000000 mask FC0000000 write-back
[    0.000000]   3 base 100000000 mask F80000000 write-back
[    0.000000]   4 base 180000000 mask FC0000000 write-back
[    0.000000]   5 base 1BC000000 mask FFC000000 uncachable
[    0.000000]   6 base 0BC000000 mask FFC000000 uncachable
[    0.000000]   7 disabled
[    0.000000] x86 PAT enabled: cpu 0, old 0x7040600070406, new 0x7010600070106
[    0.000000] e820: update [mem 0xbc000000-0xffffffff] usable ==> reserved
[    0.000000] e820: last_pfn = 0xbb800 max_arch_pfn = 0x400000000
[    0.000000] found SMP MP-table at [mem 0x000f6ab0-0x000f6abf] mapped at [ffff8800000f6ab0]
[    0.000000] Base memory trampoline at [ffff880000095000] 95000 size 24576
[    0.000000] init_memory_mapping: [mem 0x00000000-0x000fffff]
[    0.000000]  [mem 0x00000000-0x000fffff] page 4k
[    0.000000] BRK [0x01ffe000, 0x01ffefff] PGTABLE
[    0.000000] BRK [0x01fff000, 0x01ffffff] PGTABLE
[    0.000000] BRK [0x02000000, 0x02000fff] PGTABLE
[    0.000000] init_memory_mapping: [mem 0x1bbe00000-0x1bbffffff]
[    0.000000]  [mem 0x1bbe00000-0x1bbffffff] page 2M
[    0.000000] BRK [0x02001000, 0x02001fff] PGTABLE
[    0.000000] init_memory_mapping: [mem 0x1b8000000-0x1bbdfffff]
[    0.000000]  [mem 0x1b8000000-0x1bbdfffff] page 2M
[    0.000000] init_memory_mapping: [mem 0x180000000-0x1b7ffffff]
[    0.000000]  [mem 0x180000000-0x1b7ffffff] page 2M
[    0.000000] init_memory_mapping: [mem 0x00100000-0xbb27bfff]
[    0.000000]  [mem 0x00100000-0x001fffff] page 4k
[    0.000000]  [mem 0x00200000-0xbb1fffff] page 2M
[    0.000000]  [mem 0xbb200000-0xbb27bfff] page 4k
[    0.000000] init_memory_mapping: [mem 0xbb282000-0xbb3edfff]
[    0.000000]  [mem 0xbb282000-0xbb3edfff] page 4k
[    0.000000] init_memory_mapping: [mem 0xbb40f000-0xbb46efff]
[    0.000000]  [mem 0xbb40f000-0xbb46efff] page 4k
[    0.000000] BRK [0x02002000, 0x02002fff] PGTABLE
[    0.000000] init_memory_mapping: [mem 0xbb70f000-0xbb716fff]
[    0.000000]  [mem 0xbb70f000-0xbb716fff] page 4k
[    0.000000] BRK [0x02003000, 0x02003fff] PGTABLE
[    0.000000] init_memory_mapping: [mem 0xbb71f000-0xbb76dfff]
[    0.000000]  [mem 0xbb71f000-0xbb76dfff] page 4k
[    0.000000] init_memory_mapping: [mem 0xbb79f000-0xbb7ddfff]
[    0.000000]  [mem 0xbb79f000-0xbb7ddfff] page 4k
[    0.000000] init_memory_mapping: [mem 0xbb7ff000-0xbb7fffff]
[    0.000000]  [mem 0xbb7ff000-0xbb7fffff] page 4k
[    0.000000] init_memory_mapping: [mem 0x100000000-0x17bffffff]
[    0.000000]  [mem 0x100000000-0x17bffffff] page 2M
[    0.000000] RAMDISK: [mem 0x3642a000-0x3720cfff]
[    0.000000] ACPI: Early table checksum verification disabled
[    0.000000] ACPI: RSDP 0x00000000000F6970 000024 (v02 PTLTD )
[    0.000000] ACPI: XSDT 0x00000000BB7F1F90 000064 (v01 LENOVO CB-01    06040000  LTP 00000000)
[    0.000000] ACPI: FACP 0x00000000BB7E0000 0000F4 (v03 LENOVO CB-01    06040000 PTEC 00000001)
[    0.000000] ACPI: DSDT 0x00000000BB7E1000 00CBDE (v02 LENOVO CB-01    06040000 INTL 20060912)
[    0.000000] ACPI: FACS 0x00000000BB79BFC0 000040
[    0.000000] ACPI: HPET 0x00000000BB7FED6A 000038 (v01 LENOVO CB-01    06040000 PTEC 00000001)
[    0.000000] ACPI: MCFG 0x00000000BB7FEDA2 00003C (v01 LENOVO CB-01    06040000 PTEC 00000001)
[    0.000000] ACPI: APIC 0x00000000BB7FEDDE 000084 (v01 LENOVO CB-01    06040000  LTP 00000000)
[    0.000000] ACPI: BOOT 0x00000000BB7FEE62 000028 (v01 LENOVO CB-01    06040000  LTP 00000001)
[    0.000000] ACPI: SLIC 0x00000000BB7FEE8A 000176 (v01 LENOVO CB-01    06040000  LTP 00000000)
[    0.000000] ACPI: SSDT 0x00000000BB7EE000 001647 (v01 AmdRef AmdTabl  00001000 INTL 20050624)
[    0.000000] ACPI: SSDT 0x00000000BB7DF000 0009F1 (v01 PmRef  CpuPm    00003000 INTL 20050624)
[    0.000000] ACPI: Local APIC address 0xfee00000
[    0.000000] No NUMA configuration found
[    0.000000] Faking a node at [mem 0x0000000000000000-0x00000001bbffffff]
[    0.000000] NODE_DATA(0) allocated [mem 0x1bbfe7000-0x1bbffafff]
[    0.000000]  [ffffea0000000000-ffffea0006ffffff] PMD -> [ffff8801b5600000-ffff8801bb5fffff] on node 0
[    0.000000] Zone ranges:
[    0.000000]   DMA      [mem 0x00001000-0x00ffffff]
[    0.000000]   DMA32    [mem 0x01000000-0xffffffff]
[    0.000000]   Normal   [mem 0x100000000-0x1bbffffff]
[    0.000000] Movable zone start for each node
[    0.000000] Early memory node ranges
[    0.000000]   node   0: [mem 0x00001000-0x0009afff]
[    0.000000]   node   0: [mem 0x00100000-0xbb27bfff]
[    0.000000]   node   0: [mem 0xbb282000-0xbb3edfff]
[    0.000000]   node   0: [mem 0xbb40f000-0xbb46efff]
[    0.000000]   node   0: [mem 0xbb70f000-0xbb716fff]
[    0.000000]   node   0: [mem 0xbb71f000-0xbb76dfff]
[    0.000000]   node   0: [mem 0xbb79f000-0xbb7ddfff]
[    0.000000]   node   0: [mem 0xbb7ff000-0xbb7fffff]
[    0.000000]   node   0: [mem 0x100000000-0x17bffffff]
[    0.000000]   node   0: [mem 0x180000000-0x1bbffffff]
[    0.000000] Initmem setup node 0 [mem 0x00001000-0x1bbffffff]
[    0.000000] On node 0 totalpages: 1520761
[    0.000000]   DMA zone: 64 pages used for memmap
[    0.000000]   DMA zone: 21 pages reserved
[    0.000000]   DMA zone: 3994 pages, LIFO batch:0
[    0.000000]   DMA32 zone: 11924 pages used for memmap
[    0.000000]   DMA32 zone: 763103 pages, LIFO batch:31
[    0.000000]   Normal zone: 12032 pages used for memmap
[    0.000000]   Normal zone: 753664 pages, LIFO batch:31
[    0.000000] Reserving Intel graphics stolen memory at 0xbe000000-0xbfffffff
[    0.000000] ACPI: PM-Timer IO Port: 0x408
[    0.000000] ACPI: Local APIC address 0xfee00000
[    0.000000] ACPI: LAPIC (acpi_id[0x00] lapic_id[0x00] enabled)
[    0.000000] ACPI: LAPIC (acpi_id[0x01] lapic_id[0x04] enabled)
[    0.000000] ACPI: LAPIC (acpi_id[0x02] lapic_id[0x01] enabled)
[    0.000000] ACPI: LAPIC (acpi_id[0x03] lapic_id[0x05] enabled)
[    0.000000] ACPI: LAPIC_NMI (acpi_id[0x00] high edge lint[0x1])
[    0.000000] ACPI: LAPIC_NMI (acpi_id[0x01] high edge lint[0x1])
[    0.000000] ACPI: LAPIC_NMI (acpi_id[0x02] high edge lint[0x1])
[    0.000000] ACPI: LAPIC_NMI (acpi_id[0x03] high edge lint[0x1])
[    0.000000] ACPI: IOAPIC (id[0x02] address[0xfec00000] gsi_base[0])
[    0.000000] IOAPIC[0]: apic_id 2, version 32, address 0xfec00000, GSI 0-23
[    0.000000] ACPI: INT_SRC_OVR (bus 0 bus_irq 0 global_irq 2 high edge)
[    0.000000] ACPI: INT_SRC_OVR (bus 0 bus_irq 9 global_irq 9 high level)
[    0.000000] ACPI: IRQ0 used by override.
[    0.000000] ACPI: IRQ9 used by override.
[    0.000000] Using ACPI (MADT) for SMP configuration information
[    0.000000] ACPI: HPET id: 0x8086a701 base: 0xfed00000
[    0.000000] smpboot: Allowing 4 CPUs, 0 hotplug CPUs
[    0.000000] PM: Registered nosave memory: [mem 0x00000000-0x00000fff]
[    0.000000] PM: Registered nosave memory: [mem 0x0009b000-0x0009bfff]
[    0.000000] PM: Registered nosave memory: [mem 0x0009c000-0x0009ffff]
[    0.000000] PM: Registered nosave memory: [mem 0x000a0000-0x000dbfff]
[    0.000000] PM: Registered nosave memory: [mem 0x000dc000-0x000dffff]
[    0.000000] PM: Registered nosave memory: [mem 0x000e0000-0x000e3fff]
[    0.000000] PM: Registered nosave memory: [mem 0x000e4000-0x000fffff]
[    0.000000] PM: Registered nosave memory: [mem 0xbb27c000-0xbb281fff]
[    0.000000] PM: Registered nosave memory: [mem 0xbb3ee000-0xbb40efff]
[    0.000000] PM: Registered nosave memory: [mem 0xbb46f000-0xbb46ffff]
[    0.000000] PM: Registered nosave memory: [mem 0xbb470000-0xbb4f0fff]
[    0.000000] PM: Registered nosave memory: [mem 0xbb4f1000-0xbb70efff]
[    0.000000] PM: Registered nosave memory: [mem 0xbb717000-0xbb71efff]
[    0.000000] PM: Registered nosave memory: [mem 0xbb76e000-0xbb79efff]
[    0.000000] PM: Registered nosave memory: [mem 0xbb7de000-0xbb7fefff]
[    0.000000] PM: Registered nosave memory: [mem 0xbb800000-0xbfffffff]
[    0.000000] PM: Registered nosave memory: [mem 0xc0000000-0xdfffffff]
[    0.000000] PM: Registered nosave memory: [mem 0xe0000000-0xefffffff]
[    0.000000] PM: Registered nosave memory: [mem 0xf0000000-0xf8d03fff]
[    0.000000] PM: Registered nosave memory: [mem 0xf8d04000-0xf8d04fff]
[    0.000000] PM: Registered nosave memory: [mem 0xf8d05000-0xfeafefff]
[    0.000000] PM: Registered nosave memory: [mem 0xfeaff000-0xfeafffff]
[    0.000000] PM: Registered nosave memory: [mem 0xfeb00000-0xfebfffff]
[    0.000000] PM: Registered nosave memory: [mem 0xfec00000-0xfec0ffff]
[    0.000000] PM: Registered nosave memory: [mem 0xfec10000-0xfecfffff]
[    0.000000] PM: Registered nosave memory: [mem 0xfed00000-0xfed1bfff]
[    0.000000] PM: Registered nosave memory: [mem 0xfed1c000-0xfed8ffff]
[    0.000000] PM: Registered nosave memory: [mem 0xfed90000-0xfedfffff]
[    0.000000] PM: Registered nosave memory: [mem 0xfee00000-0xfee00fff]
[    0.000000] PM: Registered nosave memory: [mem 0xfee01000-0xfeffffff]
[    0.000000] PM: Registered nosave memory: [mem 0xff000000-0xffffffff]
[    0.000000] PM: Registered nosave memory: [mem 0x17c000000-0x17fffffff]
[    0.000000] e820: [mem 0xc0000000-0xdfffffff] available for PCI devices
[    0.000000] Booting paravirtualized kernel on bare hardware
[    0.000000] setup_percpu: NR_CPUS:8 nr_cpumask_bits:8 nr_cpu_ids:4 nr_node_ids:1
[    0.000000] PERCPU: Embedded 30 pages/cpu @ffff8801bbc00000 s82496 r8192 d32192 u524288
[    0.000000] pcpu-alloc: s82496 r8192 d32192 u524288 alloc=1*2097152
[    0.000000] pcpu-alloc: [0] 0 1 2 3 
[    0.000000] Built 1 zonelists in Node order, mobility grouping on.  Total pages: 1496720
[    0.000000] Policy zone: Normal
[    0.000000] Kernel command line: BOOT_IMAGE=/vmlinuz-3.18.18-rt16+ root=/dev/mapper/fedora-root ro rd.lvm.lv=fedora/swap rd.lvm.lv=fedora/root LANG=en_US.UTF-8 selinux=0 audit=0 radeon.dpm=1
[    0.000000] audit: disabled (until reboot)
[    0.000000] PID hash table entries: 4096 (order: 3, 32768 bytes)
[    0.000000] Memory: 5887152K/6083044K available (7505K kernel code, 1115K rwdata, 3224K rodata, 1460K init, 1472K bss, 195892K reserved)
[    0.000000] SLUB: HWalign=64, Order=0-3, MinObjects=0, CPUs=4, Nodes=1
[    0.000000] Hierarchical RCU implementation.
[    0.000000] 	RCU restricting CPUs from NR_CPUS=8 to nr_cpu_ids=4.
[    0.000000] RCU: Adjusting geometry for rcu_fanout_leaf=16, nr_cpu_ids=4
[    0.000000] NR_IRQS:4352 nr_irqs:456 0
[    0.000000] 	Offload RCU callbacks from all CPUs
[    0.000000] 	Offload RCU callbacks from CPUs: 0-3.
[    0.000000] Console: colour VGA+ 80x25
[    0.000000] console [ttyS0] enabled
[    0.000000] hpet clockevent registered
[    0.000000] tsc: Fast TSC calibration failed
[    0.000000] tsc: Unable to calibrate against PIT
[    0.000000] tsc: using HPET reference calibration
[    0.000000] tsc: Detected 2393.982 MHz processor
[    0.000066] Calibrating delay loop (skipped), value calculated using timer frequency.. 4787.96 BogoMIPS (lpj=2393982)
[    0.001202] pid_max: default: 32768 minimum: 301
[    0.001721] ACPI: Core revision 20140926
[    0.024230] ACPI: All ACPI Tables successfully acquired
[    0.038505] Security Framework initialized
[    0.038987] SELinux:  Disabled at boot.
[    0.039387] Yama: becoming mindful.
[    0.041069] Dentry cache hash table entries: 1048576 (order: 11, 8388608 bytes)
[    0.046739] Inode-cache hash table entries: 524288 (order: 10, 4194304 bytes)
[    0.049674] Mount-cache hash table entries: 16384 (order: 5, 131072 bytes)
[    0.050485] Mountpoint-cache hash table entries: 16384 (order: 5, 131072 bytes)
[    0.051854] Initializing cgroup subsys devices
[    0.052341] Initializing cgroup subsys freezer
[    0.052854] Initializing cgroup subsys net_cls
[    0.053344] Initializing cgroup subsys blkio
[    0.053833] Initializing cgroup subsys perf_event
[    0.054370] Initializing cgroup subsys net_prio
[    0.054927] CPU: Physical Processor ID: 0
[    0.055373] CPU: Processor Core ID: 0
[    0.055799] mce: CPU supports 9 MCE banks
[    0.056252] CPU0: Thermal monitoring enabled (TM1)
[    0.056800] process: using mwait in idle threads
[    0.057318] Last level iTLB entries: 4KB 512, 2MB 7, 4MB 7
               Last level dTLB entries: 4KB 512, 2MB 32, 4MB 32, 1GB 0
[    0.058879] Freeing SMP alternatives memory: 28K (ffffffff81e85000 - ffffffff81e8c000)
[    0.061957] ftrace: allocating 27104 entries in 106 pages
[    0.091754] ..TIMER: vector=0x30 apic1=0 pin1=2 apic2=-1 pin2=-1
[    0.102466] smpboot: CPU0: Intel(R) Core(TM) i5 CPU       M 450  @ 2.40GHz (fam: 06, model: 25, stepping: 05)
[    0.204853] Performance Events: PEBS fmt1+, 16-deep LBR, Westmere events, Intel PMU driver.
[    0.205855] perf_event_intel: CPUID marked event: 'bus cycles' unavailable
[    0.206596] ... version:                3
[    0.207031] ... bit width:              48
[    0.207481] ... generic registers:      4
[    0.207928] ... value mask:             0000ffffffffffff
[    0.208487] ... max period:             000000007fffffff
[    0.209068] ... fixed-purpose events:   3
[    0.209512] ... event mask:             000000070000000f
[    0.213182] x86: Booting SMP configuration:
[    0.213658] .... node  #0, CPUs:      #1
[    0.225441] CPU1 microcode updated early to revision 0x4, date = 2013-06-28
[    0.226291] CPU1: Thermal monitoring handled by SMI
[    0.228629] NMI watchdog: enabled on all CPUs, permanently consumes one hw-PMU counter.
[    0.229756]  #2
[    0.241187] CPU2: Thermal monitoring handled by SMI
[    0.243680]  #3
[    0.255109] CPU3: Thermal monitoring handled by SMI
[    0.257319] x86: Booted up 1 node, 4 CPUs
[    0.257762] smpboot: Total of 4 processors activated (19151.85 BogoMIPS)
[    0.262790] devtmpfs: initialized
[    0.270488] PM: Registering ACPI NVS region [mem 0xbb470000-0xbb4f0fff] (528384 bytes)
[    0.271366] PM: Registering ACPI NVS region [mem 0xbb76e000-0xbb79efff] (200704 bytes)
[    0.274381] atomic64_test: passed for x86-64 platform with CX8 and with SSE
[    0.275153] pinctrl core: initialized pinctrl subsystem
[    0.275808] RTC time:  2:35:56, date: 12/09/15
[    0.276515] NET: Registered protocol family 16
[    0.279875] cpuidle: using governor menu
[    0.280439] ACPI: bus type PCI registered
[    0.280889] acpiphp: ACPI Hot Plug PCI Controller Driver version: 0.5
[    0.281701] PCI: MMCONFIG for domain 0000 [bus 00-ff] at [mem 0xe0000000-0xefffffff] (base 0xe0000000)
[    0.282729] PCI: MMCONFIG at [mem 0xe0000000-0xefffffff] reserved in E820
[    0.284485] PCI: Using configuration type 1 for base access
[    0.290788] ACPI: Added _OSI(Module Device)
[    0.291248] ACPI: Added _OSI(Processor Device)
[    0.291732] ACPI: Added _OSI(3.0 _SCP Extensions)
[    0.292251] ACPI: Added _OSI(Processor Aggregator Device)
[    0.306659] [Firmware Bug]: ACPI: BIOS _OSI(Linux) query ignored
[    0.307990] ACPI: Dynamic OEM Table Load:
[    0.308470] ACPI: SSDT 0xFFFF8801B3D3E400 0003F0 (v01 PmRef  Cpu0Ist  00003000 INTL 20050624)
[    0.310413] ACPI: Dynamic OEM Table Load:
[    0.310899] ACPI: SSDT 0xFFFF8801B3D81000 000891 (v01 PmRef  Cpu0Cst  00003001 INTL 20050624)
[    0.319305] ACPI: Dynamic OEM Table Load:
[    0.319785] ACPI: SSDT 0xFFFF8801B3D3EC00 000303 (v01 PmRef  ApIst    00003000 INTL 20050624)
[    0.324076] ACPI: Dynamic OEM Table Load:
[    0.324561] ACPI: SSDT 0xFFFF8801B3DACA00 000119 (v01 PmRef  ApCst    00003000 INTL 20050624)
[    0.467152] ACPI: Interpreter enabled
[    0.467365] ACPI Exception: AE_NOT_FOUND, While evaluating Sleep State [\_S1_] (20140926/hwxface-580)
[    0.467885] ACPI Exception: AE_NOT_FOUND, While evaluating Sleep State [\_S2_] (20140926/hwxface-580)
[    0.468412] ACPI: (supports S0 S3 S4 S5)
[    0.468631] ACPI: Using IOAPIC for interrupt routing
[    0.468937] PCI: Using host bridge windows from ACPI; if necessary, use "pci=nocrs" and report a bug
[    0.479433] ACPI: PCI Root Bridge [PCI0] (domain 0000 [bus 00-fe])
[    0.479779] acpi PNP0A08:00: _OSC: OS supports [ExtendedConfig ASPM ClockPM Segments MSI]
[    0.480252] \_SB_.PCI0:_OSC invalid UUID
[    0.480254] _OSC request data:1 1f 0 
[    0.480257] acpi PNP0A08:00: _OSC failed (AE_ERROR); disabling ASPM
[    0.481347] PCI host bridge to bus 0000:00
[    0.481578] pci_bus 0000:00: root bus resource [bus 00-fe]
[    0.481878] pci_bus 0000:00: root bus resource [io  0x0000-0x0cf7]
[    0.482216] pci_bus 0000:00: root bus resource [io  0x0d00-0xffff]
[    0.482555] pci_bus 0000:00: root bus resource [mem 0x000a0000-0x000bffff]
[    0.482928] pci_bus 0000:00: root bus resource [mem 0x000d4000-0x000d7fff]
[    0.483302] pci_bus 0000:00: root bus resource [mem 0x000d8000-0x000dbfff]
[    0.483676] pci_bus 0000:00: root bus resource [mem 0x000e0000-0x000e3fff]
[    0.484049] pci_bus 0000:00: root bus resource [mem 0xc0000000-0xfeafffff]
[    0.484429] pci 0000:00:00.0: [8086:0044] type 00 class 0x060000
[    0.484452] DMAR: BIOS has allocated no shadow GTT; disabling IOMMU for graphics
[    0.484955] pci 0000:00:01.0: [8086:0045] type 01 class 0x060400
[    0.484991] pci 0000:00:01.0: PME# supported from D0 D3hot D3cold
[    0.485089] pci 0000:00:02.0: [8086:0046] type 00 class 0x030000
[    0.485100] pci 0000:00:02.0: reg 0x10: [mem 0xf8000000-0xf83fffff 64bit]
[    0.485106] pci 0000:00:02.0: reg 0x18: [mem 0xd0000000-0xdfffffff 64bit pref]
[    0.485110] pci 0000:00:02.0: reg 0x20: [io  0x1800-0x1807]
[    0.485252] pci 0000:00:16.0: [8086:3b64] type 00 class 0x078000
[    0.485281] pci 0000:00:16.0: reg 0x10: [mem 0xf8d05800-0xf8d0580f 64bit]
[    0.485376] pci 0000:00:16.0: PME# supported from D0 D3hot D3cold
[    0.485497] pci 0000:00:1a.0: [8086:3b3c] type 00 class 0x0c0320
[    0.485522] pci 0000:00:1a.0: reg 0x10: [mem 0xf8d06000-0xf8d063ff]
[    0.485636] pci 0000:00:1a.0: PME# supported from D0 D3hot D3cold
[    0.485725] pci 0000:00:1a.0: System wakeup disabled by ACPI
[    0.486077] pci 0000:00:1b.0: [8086:3b56] type 00 class 0x040300
[    0.486102] pci 0000:00:1b.0: reg 0x10: [mem 0xf8d00000-0xf8d03fff 64bit]
[    0.486211] pci 0000:00:1b.0: PME# supported from D0 D3hot D3cold
[    0.486292] pci 0000:00:1b.0: System wakeup disabled by ACPI
[    0.486640] pci 0000:00:1c.0: [8086:3b42] type 01 class 0x060400
[    0.486749] pci 0000:00:1c.0: PME# supported from D0 D3hot D3cold
[    0.486831] pci 0000:00:1c.0: System wakeup disabled by ACPI
[    0.487175] pci 0000:00:1c.1: [8086:3b44] type 01 class 0x060400
[    0.487283] pci 0000:00:1c.1: PME# supported from D0 D3hot D3cold
[    0.487367] pci 0000:00:1c.1: System wakeup disabled by ACPI
[    0.487718] pci 0000:00:1c.3: [8086:3b48] type 01 class 0x060400
[    0.487826] pci 0000:00:1c.3: PME# supported from D0 D3hot D3cold
[    0.487908] pci 0000:00:1c.3: System wakeup disabled by ACPI
[    0.488254] pci 0000:00:1c.4: [8086:3b4a] type 01 class 0x060400
[    0.488362] pci 0000:00:1c.4: PME# supported from D0 D3hot D3cold
[    0.490882] pci 0000:00:1c.4: System wakeup disabled by ACPI
[    0.491263] pci 0000:00:1d.0: [8086:3b34] type 00 class 0x0c0320
[    0.491290] pci 0000:00:1d.0: reg 0x10: [mem 0xf8d06400-0xf8d067ff]
[    0.491401] pci 0000:00:1d.0: PME# supported from D0 D3hot D3cold
[    0.491491] pci 0000:00:1d.0: System wakeup disabled by ACPI
[    0.491840] pci 0000:00:1e.0: [8086:2448] type 01 class 0x060401
[    0.491979] pci 0000:00:1e.0: System wakeup disabled by ACPI
[    0.492328] pci 0000:00:1f.0: [8086:3b09] type 00 class 0x060100
[    0.492542] pci 0000:00:1f.2: [8086:3b29] type 00 class 0x010601
[    0.492569] pci 0000:00:1f.2: reg 0x10: [io  0x1818-0x181f]
[    0.492580] pci 0000:00:1f.2: reg 0x14: [io  0x180c-0x180f]
[    0.492591] pci 0000:00:1f.2: reg 0x18: [io  0x1810-0x1817]
[    0.492601] pci 0000:00:1f.2: reg 0x1c: [io  0x1808-0x180b]
[    0.492612] pci 0000:00:1f.2: reg 0x20: [io  0x1820-0x183f]
[    0.492624] pci 0000:00:1f.2: reg 0x24: [mem 0xf8d05000-0xf8d057ff]
[    0.492693] pci 0000:00:1f.2: PME# supported from D3hot
[    0.492801] pci 0000:00:1f.3: [8086:3b30] type 00 class 0x0c0500
[    0.492823] pci 0000:00:1f.3: reg 0x10: [mem 0xf8d06800-0xf8d068ff 64bit]
[    0.492852] pci 0000:00:1f.3: reg 0x20: [io  0x1840-0x185f]
[    0.492979] pci 0000:00:1f.6: [8086:3b32] type 00 class 0x118000
[    0.493008] pci 0000:00:1f.6: reg 0x10: [mem 0xf8d04000-0xf8d04fff 64bit]
[    0.493257] pci 0000:01:00.0: [1002:68c1] type 00 class 0x030000
[    0.493272] pci 0000:01:00.0: reg 0x10: [mem 0xc0000000-0xcfffffff 64bit pref]
[    0.493280] pci 0000:01:00.0: reg 0x18: [mem 0xf8800000-0xf881ffff 64bit]
[    0.493286] pci 0000:01:00.0: reg 0x20: [io  0x2000-0x20ff]
[    0.493295] pci 0000:01:00.0: reg 0x30: [mem 0x00000000-0x0001ffff pref]
[    0.493331] pci 0000:01:00.0: supports D1 D2
[    0.493368] pci 0000:01:00.0: System wakeup disabled by ACPI
[    0.493716] pci 0000:01:00.1: [1002:aa60] type 00 class 0x040300
[    0.493732] pci 0000:01:00.1: reg 0x10: [mem 0xf8820000-0xf8823fff 64bit]
[    0.493789] pci 0000:01:00.1: supports D1 D2
[    0.493855] pci 0000:00:01.0: PCI bridge to [bus 01]
[    0.494130] pci 0000:00:01.0:   bridge window [io  0x2000-0x2fff]
[    0.494132] pci 0000:00:01.0:   bridge window [mem 0xf8800000-0xf88fffff]
[    0.494136] pci 0000:00:01.0:   bridge window [mem 0xc0000000-0xcfffffff 64bit pref]
[    0.494275] pci 0000:03:00.0: [197b:2387] type 00 class 0x088000
[    0.494303] pci 0000:03:00.0: reg 0x10: [mem 0xf8400000-0xf84000ff]
[    0.494394] pci 0000:03:00.0: reg 0x30: [mem 0x00000000-0x0000ffff pref]
[    0.494574] pci 0000:03:00.2: [197b:2386] type 00 class 0x080501
[    0.494602] pci 0000:03:00.2: reg 0x10: [mem 0xf8500400-0xf85004ff]
[    0.494869] pci 0000:03:00.3: [197b:2388] type 00 class 0x088000
[    0.494896] pci 0000:03:00.3: reg 0x10: [mem 0xf8500800-0xf85008ff]
[    0.495167] pci 0000:03:00.4: [197b:2389] type 00 class 0x088000
[    0.495195] pci 0000:03:00.4: reg 0x10: [mem 0xf8500c00-0xf8500cff]
[    0.497571] pci 0000:00:1c.0: PCI bridge to [bus 03-04]
[    0.497861] pci 0000:00:1c.0:   bridge window [io  0x3000-0x3fff]
[    0.497865] pci 0000:00:1c.0:   bridge window [mem 0xf8400000-0xf85fffff]
[    0.497872] pci 0000:00:1c.0:   bridge window [mem 0xf0000000-0xf3ffffff 64bit pref]
[    0.497976] pci 0000:05:00.0: [168c:002b] type 00 class 0x028000
[    0.498009] pci 0000:05:00.0: reg 0x10: [mem 0xf8900000-0xf890ffff 64bit]
[    0.498176] pci 0000:05:00.0: supports D1
[    0.498178] pci 0000:05:00.0: PME# supported from D0 D1 D3hot
[    0.498216] pci 0000:05:00.0: System wakeup disabled by ACPI
[    0.500569] pci 0000:00:1c.1: PCI bridge to [bus 05]
[    0.500852] pci 0000:00:1c.1:   bridge window [mem 0xf8900000-0xf89fffff]
[    0.500933] pci 0000:00:1c.3: PCI bridge to [bus 07-08]
[    0.501223] pci 0000:00:1c.3:   bridge window [io  0x4000-0x4fff]
[    0.501228] pci 0000:00:1c.3:   bridge window [mem 0xf8600000-0xf87fffff]
[    0.501235] pci 0000:00:1c.3:   bridge window [mem 0xf4000000-0xf7ffffff 64bit pref]
[    0.501362] pci 0000:09:00.0: [14e4:1692] type 00 class 0x020000
[    0.501397] pci 0000:09:00.0: reg 0x10: [mem 0xf8a00000-0xf8a0ffff 64bit]
[    0.501593] pci 0000:09:00.0: PME# supported from D3hot D3cold
[    0.502541] pci 0000:09:00.0: System wakeup disabled by ACPI
[    0.504698] pci 0000:00:1c.4: PCI bridge to [bus 09]
[    0.504982] pci 0000:00:1c.4:   bridge window [mem 0xf8a00000-0xf8afffff]
[    0.505068] pci 0000:00:1e.0: PCI bridge to [bus 0a] (subtractive decode)
[    0.505449] pci 0000:00:1e.0:   bridge window [io  0x0000-0x0cf7] (subtractive decode)
[    0.505450] pci 0000:00:1e.0:   bridge window [io  0x0d00-0xffff] (subtractive decode)
[    0.505453] pci 0000:00:1e.0:   bridge window [mem 0x000a0000-0x000bffff] (subtractive decode)
[    0.505455] pci 0000:00:1e.0:   bridge window [mem 0x000d4000-0x000d7fff] (subtractive decode)
[    0.505458] pci 0000:00:1e.0:   bridge window [mem 0x000d8000-0x000dbfff] (subtractive decode)
[    0.505459] pci 0000:00:1e.0:   bridge window [mem 0x000e0000-0x000e3fff] (subtractive decode)
[    0.505461] pci 0000:00:1e.0:   bridge window [mem 0xc0000000-0xfeafffff] (subtractive decode)
[    0.506161] ACPI: PCI Interrupt Link [LNKA] (IRQs 1 3 4 5 6 7 *10 12 14 15)
[    0.506701] ACPI: PCI Interrupt Link [LNKB] (IRQs 1 3 4 5 6 7 11 12 14 15) *10
[    0.507256] ACPI: PCI Interrupt Link [LNKC] (IRQs 1 3 4 5 6 7 *10 12 14 15)
[    0.507792] ACPI: PCI Interrupt Link [LNKD] (IRQs 1 3 4 5 6 7 *11 12 14 15)
[    0.508324] ACPI: PCI Interrupt Link [LNKE] (IRQs 1 3 4 5 6 7 10 12 14 15) *0, disabled.
[    0.508937] ACPI: PCI Interrupt Link [LNKF] (IRQs 1 3 4 5 6 7 11 12 14 15) *0, disabled.
[    0.509548] ACPI: PCI Interrupt Link [LNKG] (IRQs 1 3 4 5 6 7 10 12 14 15) *11
[    0.510106] ACPI: PCI Interrupt Link [LNKH] (IRQs 1 3 4 5 6 7 *11 12 14 15)
[    0.510634] ACPI: PCI Root Bridge [CPBG] (domain 0000 [bus ff])
[    0.510963] acpi PNP0A03:00: _OSC: OS supports [ExtendedConfig ASPM ClockPM Segments MSI]
[    0.511408] acpi PNP0A03:00: _OSC failed (AE_NOT_FOUND); disabling ASPM
[    0.511827] PCI host bridge to bus 0000:ff
[    0.512055] pci_bus 0000:ff: root bus resource [bus ff]
[    0.512346] pci 0000:ff:00.0: [8086:2c62] type 00 class 0x060000
[    0.512385] pci 0000:ff:00.1: [8086:2d01] type 00 class 0x060000
[    0.512426] pci 0000:ff:02.0: [8086:2d10] type 00 class 0x060000
[    0.512464] pci 0000:ff:02.1: [8086:2d11] type 00 class 0x060000
[    0.512501] pci 0000:ff:02.2: [8086:2d12] type 00 class 0x060000
[    0.512535] pci 0000:ff:02.3: [8086:2d13] type 00 class 0x060000
[    0.513015] ACPI: Enabled 4 GPEs in block 00 to 3F
[    0.513351] ACPI : EC: GPE = 0x16, I/O: command/status = 0x66, data = 0x62
[    0.513849] vgaarb: setting as boot device: PCI:0000:00:02.0
[    0.514160] vgaarb: device added: PCI:0000:00:02.0,decodes=io+mem,owns=io+mem,locks=none
[    0.514605] vgaarb: device added: PCI:0000:01:00.0,decodes=io+mem,owns=none,locks=none
[    0.515036] vgaarb: loaded
[    0.515190] vgaarb: bridge control possible 0000:01:00.0
[    0.515482] vgaarb: no bridge control possible 0000:00:02.0
[    0.515874] SCSI subsystem initialized
[    0.516125] libata version 3.00 loaded.
[    0.516158] ACPI: bus type USB registered
[    0.516397] usbcore: registered new interface driver usbfs
[    0.516708] usbcore: registered new interface driver hub
[    0.517018] usbcore: registered new device driver usb
[    0.517400] PCI: Using ACPI for IRQ routing
[    0.527471] PCI: pci_cache_line_size set to 64 bytes
[    0.527618] e820: reserve RAM buffer [mem 0x0009b800-0x0009ffff]
[    0.527620] e820: reserve RAM buffer [mem 0xbb27c000-0xbbffffff]
[    0.527622] e820: reserve RAM buffer [mem 0xbb3ee000-0xbbffffff]
[    0.527624] e820: reserve RAM buffer [mem 0xbb46f000-0xbbffffff]
[    0.527626] e820: reserve RAM buffer [mem 0xbb717000-0xbbffffff]
[    0.527628] e820: reserve RAM buffer [mem 0xbb76e000-0xbbffffff]
[    0.527629] e820: reserve RAM buffer [mem 0xbb7de000-0xbbffffff]
[    0.527630] e820: reserve RAM buffer [mem 0xbb800000-0xbbffffff]
[    0.527748] NetLabel: Initializing
[    0.527938] NetLabel:  domain hash size = 128
[    0.528183] NetLabel:  protocols = UNLABELED CIPSOv4
[    0.528468] NetLabel:  unlabeled traffic allowed by default
[    0.528846] hpet0: at MMIO 0xfed00000, IRQs 2, 8, 0, 0, 0, 0, 0, 0
[    0.529271] hpet0: 8 comparators, 64-bit 14.318180 MHz counter
[    0.531632] Switched to clocksource hpet
[    0.538138] pnp: PnP ACPI init
[    0.538540] system 00:00: [io  0x0680-0x069f] has been reserved
[    0.538877] system 00:00: [io  0x0500-0x050f] has been reserved
[    0.539200] system 00:00: [io  0x0600-0x0603] has been reserved
[    0.539525] system 00:00: [io  0xffff] has been reserved
[    0.539824] system 00:00: [io  0x0400-0x047f] could not be reserved
[    0.540166] system 00:00: [io  0x1180-0x11ff] has been reserved
[    0.540490] system 00:00: [io  0x164e-0x164f] has been reserved
[    0.540820] system 00:00: [io  0xfe00] has been reserved
[    0.541112] system 00:00: [io  0x0700-0x070f] has been reserved
[    0.541437] system 00:00: Plug and Play ACPI device, IDs PNP0c02 (active)
[    0.541496] system 00:01: [io  0x06a0-0x06af] has been reserved
[    0.541829] system 00:01: [io  0x06b0-0x06ff] has been reserved
[    0.542153] system 00:01: Plug and Play ACPI device, IDs PNP0c02 (active)
[    0.542197] pnp 00:02: Plug and Play ACPI device, IDs PNP0b00 (active)
[    0.542246] pnp 00:03: Plug and Play ACPI device, IDs PNP0303 (active)
[    0.542284] pnp 00:04: Plug and Play ACPI device, IDs SYN1038 SYN1000 SYN0002 PNP0f13 (active)
[    0.542722] system 00:05: [mem 0xfed1c000-0xfed1ffff] has been reserved
[    0.543084] system 00:05: [mem 0xfed10000-0xfed13fff] has been reserved
[    0.543444] system 00:05: [mem 0xfed18000-0xfed18fff] has been reserved
[    0.543812] system 00:05: [mem 0xfed19000-0xfed19fff] has been reserved
[    0.544173] system 00:05: [mem 0xe0000000-0xefffffff] has been reserved
[    0.544534] system 00:05: [mem 0xfeaff000-0xfeafffff] has been reserved
[    0.544901] system 00:05: [mem 0xfed20000-0xfed3ffff] has been reserved
[    0.545262] system 00:05: [mem 0xfed40000-0xfed44fff] has been reserved
[    0.545622] system 00:05: [mem 0xfed45000-0xfed8ffff] has been reserved
[    0.545989] system 00:05: [mem 0xff000000-0xffffffff] has been reserved
[    0.546349] system 00:05: [mem 0xfee00000-0xfeefffff] could not be reserved
[    0.546734] system 00:05: Plug and Play ACPI device, IDs PNP0c02 (active)
[    0.547209] pnp: PnP ACPI: found 6 devices
[    0.553806] pci 0000:00:1c.1: bridge window [io  0x1000-0x0fff] to [bus 05] add_size 1000
[    0.553810] pci 0000:00:1c.1: bridge window [mem 0x00100000-0x000fffff 64bit pref] to [bus 05] add_size 200000
[    0.553829] pci 0000:00:1c.4: bridge window [io  0x1000-0x0fff] to [bus 09] add_size 1000
[    0.553831] pci 0000:00:1c.4: bridge window [mem 0x00100000-0x000fffff 64bit pref] to [bus 09] add_size 200000
[    0.553847] pci 0000:00:1c.1: res[15]=[mem 0x00100000-0x000fffff 64bit pref] get_res_add_size add_size 200000
[    0.553849] pci 0000:00:1c.4: res[15]=[mem 0x00100000-0x000fffff 64bit pref] get_res_add_size add_size 200000
[    0.553851] pci 0000:00:1c.1: res[13]=[io  0x1000-0x0fff] get_res_add_size add_size 1000
[    0.553853] pci 0000:00:1c.4: res[13]=[io  0x1000-0x0fff] get_res_add_size add_size 1000
[    0.553862] pci 0000:00:1c.1: BAR 15: assigned [mem 0xf8b00000-0xf8cfffff 64bit pref]
[    0.554289] pci 0000:00:1c.4: BAR 15: assigned [mem 0xf8e00000-0xf8ffffff 64bit pref]
[    0.554722] pci 0000:00:1c.1: BAR 13: assigned [io  0x5000-0x5fff]
[    0.555060] pci 0000:00:1c.4: BAR 13: assigned [io  0x6000-0x6fff]
[    0.555399] pci 0000:01:00.0: BAR 6: assigned [mem 0xf8840000-0xf885ffff pref]
[    0.555798] pci 0000:00:01.0: PCI bridge to [bus 01]
[    0.556071] pci 0000:00:01.0:   bridge window [io  0x2000-0x2fff]
[    0.556405] pci 0000:00:01.0:   bridge window [mem 0xf8800000-0xf88fffff]
[    0.556781] pci 0000:00:01.0:   bridge window [mem 0xc0000000-0xcfffffff 64bit pref]
[    0.557203] pci 0000:03:00.0: BAR 6: assigned [mem 0xf8410000-0xf841ffff pref]
[    0.557594] pci 0000:00:1c.0: PCI bridge to [bus 03-04]
[    0.557886] pci 0000:00:1c.0:   bridge window [io  0x3000-0x3fff]
[    0.558221] pci 0000:00:1c.0:   bridge window [mem 0xf8400000-0xf85fffff]
[    0.558592] pci 0000:00:1c.0:   bridge window [mem 0xf0000000-0xf3ffffff 64bit pref]
[    0.559021] pci 0000:00:1c.1: PCI bridge to [bus 05]
[    0.559294] pci 0000:00:1c.1:   bridge window [io  0x5000-0x5fff]
[    0.559630] pci 0000:00:1c.1:   bridge window [mem 0xf8900000-0xf89fffff]
[    0.560007] pci 0000:00:1c.1:   bridge window [mem 0xf8b00000-0xf8cfffff 64bit pref]
[    0.560432] pci 0000:00:1c.3: PCI bridge to [bus 07-08]
[    0.560727] pci 0000:00:1c.3:   bridge window [io  0x4000-0x4fff]
[    0.561063] pci 0000:00:1c.3:   bridge window [mem 0xf8600000-0xf87fffff]
[    0.561434] pci 0000:00:1c.3:   bridge window [mem 0xf4000000-0xf7ffffff 64bit pref]
[    0.561865] pci 0000:00:1c.4: PCI bridge to [bus 09]
[    0.562139] pci 0000:00:1c.4:   bridge window [io  0x6000-0x6fff]
[    0.562475] pci 0000:00:1c.4:   bridge window [mem 0xf8a00000-0xf8afffff]
[    0.562853] pci 0000:00:1c.4:   bridge window [mem 0xf8e00000-0xf8ffffff 64bit pref]
[    0.563278] pci 0000:00:1e.0: PCI bridge to [bus 0a]
[    0.563563] pci_bus 0000:00: resource 4 [io  0x0000-0x0cf7]
[    0.563565] pci_bus 0000:00: resource 5 [io  0x0d00-0xffff]
[    0.563566] pci_bus 0000:00: resource 6 [mem 0x000a0000-0x000bffff]
[    0.563568] pci_bus 0000:00: resource 7 [mem 0x000d4000-0x000d7fff]
[    0.563570] pci_bus 0000:00: resource 8 [mem 0x000d8000-0x000dbfff]
[    0.563571] pci_bus 0000:00: resource 9 [mem 0x000e0000-0x000e3fff]
[    0.563573] pci_bus 0000:00: resource 10 [mem 0xc0000000-0xfeafffff]
[    0.563575] pci_bus 0000:01: resource 0 [io  0x2000-0x2fff]
[    0.563576] pci_bus 0000:01: resource 1 [mem 0xf8800000-0xf88fffff]
[    0.563578] pci_bus 0000:01: resource 2 [mem 0xc0000000-0xcfffffff 64bit pref]
[    0.563580] pci_bus 0000:03: resource 0 [io  0x3000-0x3fff]
[    0.563582] pci_bus 0000:03: resource 1 [mem 0xf8400000-0xf85fffff]
[    0.563583] pci_bus 0000:03: resource 2 [mem 0xf0000000-0xf3ffffff 64bit pref]
[    0.563585] pci_bus 0000:05: resource 0 [io  0x5000-0x5fff]
[    0.563586] pci_bus 0000:05: resource 1 [mem 0xf8900000-0xf89fffff]
[    0.563588] pci_bus 0000:05: resource 2 [mem 0xf8b00000-0xf8cfffff 64bit pref]
[    0.563590] pci_bus 0000:07: resource 0 [io  0x4000-0x4fff]
[    0.563591] pci_bus 0000:07: resource 1 [mem 0xf8600000-0xf87fffff]
[    0.563593] pci_bus 0000:07: resource 2 [mem 0xf4000000-0xf7ffffff 64bit pref]
[    0.563594] pci_bus 0000:09: resource 0 [io  0x6000-0x6fff]
[    0.563596] pci_bus 0000:09: resource 1 [mem 0xf8a00000-0xf8afffff]
[    0.563598] pci_bus 0000:09: resource 2 [mem 0xf8e00000-0xf8ffffff 64bit pref]
[    0.563599] pci_bus 0000:0a: resource 4 [io  0x0000-0x0cf7]
[    0.563601] pci_bus 0000:0a: resource 5 [io  0x0d00-0xffff]
[    0.563603] pci_bus 0000:0a: resource 6 [mem 0x000a0000-0x000bffff]
[    0.563604] pci_bus 0000:0a: resource 7 [mem 0x000d4000-0x000d7fff]
[    0.563606] pci_bus 0000:0a: resource 8 [mem 0x000d8000-0x000dbfff]
[    0.563607] pci_bus 0000:0a: resource 9 [mem 0x000e0000-0x000e3fff]
[    0.563609] pci_bus 0000:0a: resource 10 [mem 0xc0000000-0xfeafffff]
[    0.563643] NET: Registered protocol family 2
[    0.564116] TCP established hash table entries: 65536 (order: 7, 524288 bytes)
[    0.564764] TCP bind hash table entries: 65536 (order: 8, 1048576 bytes)
[    0.565415] TCP: Hash tables configured (established 65536 bind 65536)
[    0.565811] TCP: reno registered
[    0.566003] UDP hash table entries: 4096 (order: 5, 131072 bytes)
[    0.566375] UDP-Lite hash table entries: 4096 (order: 5, 131072 bytes)
[    0.566827] NET: Registered protocol family 1
[    0.567088] pci 0000:00:02.0: Video device with shadowed ROM
[    0.567633] PCI: CLS 64 bytes, default 64
[    0.567724] Unpacking initramfs...
[    0.808612] Freeing initrd memory: 14220K (ffff88003642a000 - ffff88003720d000)
[    0.809070] PCI-DMA: Using software bounce buffering for IO (SWIOTLB)
[    0.809423] software IO TLB [mem 0xb727c000-0xbb27c000] (64MB) mapped at [ffff8800b727c000-ffff8800bb27bfff]
[    0.810028] Simple Boot Flag at 0x36 set to 0x1
[    0.810500] microcode: CPU0 sig=0x20655, pf=0x10, revision=0x4
[    0.810834] microcode: CPU1 sig=0x20655, pf=0x10, revision=0x4
[    0.811158] microcode: CPU2 sig=0x20655, pf=0x10, revision=0x4
[    0.811484] microcode: CPU3 sig=0x20655, pf=0x10, revision=0x4
[    0.811876] microcode: Microcode Update Driver: v2.00 <tigran@aivazian.fsnet.co.uk>, Peter Oruba
[    0.812968] futex hash table entries: 1024 (order: 4, 65536 bytes)
[    0.813331] Initialise system trusted keyring
[    0.813905] HugeTLB registered 2 MB page size, pre-allocated 0 pages
[    0.815549] zpool: loaded
[    0.815699] zbud: loaded
[    0.816057] VFS: Disk quotas dquot_6.5.2
[    0.816307] Dquot-cache hash table entries: 512 (order 0, 4096 bytes)
[    0.817001] msgmni has been set to 11526
[    0.817272] Key type big_key registered
[    0.818491] alg: No test for stdrng (krng)
[    0.824915] NET: Registered protocol family 38
[    0.825169] Key type asymmetric registered
[    0.825397] Asymmetric key parser 'x509' registered
[    0.825725] Block layer SCSI generic (bsg) driver version 0.4 loaded (major 252)
[    0.826190] io scheduler noop registered
[    0.826409] io scheduler deadline registered
[    0.826675] io scheduler cfq registered (default)
[    0.827239] pcieport 0000:00:01.0: irq 24 for MSI/MSI-X
[    0.827854] pci_hotplug: PCI Hot Plug PCI Core version: 0.5
[    0.828173] pciehp: PCI Express Hot Plug Controller Driver version: 0.4
[    0.828575] intel_idle: MWAIT substates: 0x1120
[    0.828576] intel_idle: v0.4 model 0x25
[    0.828577] intel_idle: lapic_timer_reliable_states 0xffffffff
[    0.830600] ACPI: AC Adapter [ACAD] (on-line)
[    0.830966] input: Lid Switch as /devices/LNXSYSTM:00/LNXSYBUS:00/PNP0C0D:00/input/input0
[    0.832660] ACPI: Lid Switch [LID]
[    0.832971] input: Power Button as /devices/LNXSYSTM:00/LNXSYBUS:00/PNP0C0C:00/input/input1
[    0.833430] ACPI: Power Button [PWRB]
[    0.833695] input: Sleep Button as /devices/LNXSYSTM:00/LNXSYBUS:00/PNP0C0E:00/input/input2
[    0.834162] ACPI: Sleep Button [SLPB]
[    0.834429] input: Power Button as /devices/LNXSYSTM:00/LNXPWRBN:00/input/input3
[    0.834845] ACPI: Power Button [PWRF]
[    0.837703] thermal LNXTHERM:00: registered as thermal_zone0
[    0.838041] ACPI: Thermal Zone [TZ00] (59 C)
[    0.838368] GHES: HEST is not enabled!
[    0.838997] Serial: 8250/16550 driver, 32 ports, IRQ sharing enabled
[    0.845027] Non-volatile memory driver v1.3
[    0.845265] Linux agpgart interface v0.103
[    0.845629] agpgart-intel 0000:00:00.0: Intel HD Graphics Chipset
[    0.846035] agpgart-intel 0000:00:00.0: detected gtt size: 2097152K total, 262144K mappable
[    0.847131] agpgart-intel 0000:00:00.0: detected 32768K stolen memory
[    0.847846] agpgart-intel 0000:00:00.0: AGP aperture is 256M @ 0xd0000000
[    0.848769] ahci 0000:00:1f.2: version 3.0
[    0.849090] ahci 0000:00:1f.2: irq 25 for MSI/MSI-X
[    0.849132] ahci 0000:00:1f.2: SSS flag set, parallel bus scan disabled
[    0.849548] ahci 0000:00:1f.2: AHCI 0001.0300 32 slots 4 ports 3 Gbps 0x33 impl SATA mode
[    0.850009] ahci 0000:00:1f.2: flags: 64bit ncq sntf stag pm led clo pio slum part ems apst 
[    0.856874] scsi host0: ahci
[    0.857527] scsi host1: ahci
[    0.858127] scsi host2: ahci
[    0.858572] scsi host3: ahci
[    0.859073] scsi host4: ahci
[    0.859568] scsi host5: ahci
[    0.859850] ata1: SATA max UDMA/133 abar m2048@0xf8d05000 port 0xf8d05100 irq 25
[    0.860274] ata2: SATA max UDMA/133 abar m2048@0xf8d05000 port 0xf8d05180 irq 25
[    0.860673] ata3: DUMMY
[    0.860812] ata4: DUMMY
[    0.860983] ata5: SATA max UDMA/133 abar m2048@0xf8d05000 port 0xf8d05300 irq 25
[    0.861429] ata6: SATA max UDMA/133 abar m2048@0xf8d05000 port 0xf8d05380 irq 25
[    0.861942] libphy: Fixed MDIO Bus: probed
[    0.862387] ehci_hcd: USB 2.0 'Enhanced' Host Controller (EHCI) Driver
[    0.862805] ehci-pci: EHCI PCI platform driver
[    0.863536] ehci-pci 0000:00:1a.0: EHCI Host Controller
[    0.864070] ehci-pci 0000:00:1a.0: new USB bus registered, assigned bus number 1
[    0.864530] ehci-pci 0000:00:1a.0: debug port 2
[    0.869054] ehci-pci 0000:00:1a.0: cache line size of 64 is not supported
[    0.869084] ehci-pci 0000:00:1a.0: irq 16, io mem 0xf8d06000
[    0.874936] ehci-pci 0000:00:1a.0: USB 2.0 started, EHCI 1.00
[    0.875316] usb usb1: New USB device found, idVendor=1d6b, idProduct=0002
[    0.875684] usb usb1: New USB device strings: Mfr=3, Product=2, SerialNumber=1
[    0.876164] usb usb1: Product: EHCI Host Controller
[    0.876466] usb usb1: Manufacturer: Linux 3.18.18-rt16+ ehci_hcd
[    0.876792] usb usb1: SerialNumber: 0000:00:1a.0
[    0.877299] hub 1-0:1.0: USB hub found
[    0.877522] hub 1-0:1.0: 3 ports detected
[    0.877964] ehci-pci 0000:00:1d.0: EHCI Host Controller
[    0.878413] ehci-pci 0000:00:1d.0: new USB bus registered, assigned bus number 2
[    0.878836] ehci-pci 0000:00:1d.0: debug port 2
[    0.883198] ehci-pci 0000:00:1d.0: cache line size of 64 is not supported
[    0.883213] ehci-pci 0000:00:1d.0: irq 23, io mem 0xf8d06400
[    0.888930] ehci-pci 0000:00:1d.0: USB 2.0 started, EHCI 1.00
[    0.889326] usb usb2: New USB device found, idVendor=1d6b, idProduct=0002
[    0.889697] usb usb2: New USB device strings: Mfr=3, Product=2, SerialNumber=1
[    0.890167] usb usb2: Product: EHCI Host Controller
[    0.890445] usb usb2: Manufacturer: Linux 3.18.18-rt16+ ehci_hcd
[    0.890772] usb usb2: SerialNumber: 0000:00:1d.0
[    0.891296] hub 2-0:1.0: USB hub found
[    0.891513] hub 2-0:1.0: 3 ports detected
[    0.891822] ohci_hcd: USB 1.1 'Open' Host Controller (OHCI) Driver
[    0.892177] ohci-pci: OHCI PCI platform driver
[    0.892436] uhci_hcd: USB Universal Host Controller Interface driver
[    0.892828] usbcore: registered new interface driver usbserial
[    0.893193] usbcore: registered new interface driver usbserial_generic
[    0.893557] usbserial: USB Serial support registered for generic
[    0.893936] i8042: PNP: PS/2 Controller [PNP0303:PS2K,PNP0f13:PS2M] at 0x60,0x64 irq 1,12
[    0.897608] i8042: Detected active multiplexing controller, rev 1.1
[    0.901646] serio: i8042 KBD port at 0x60,0x64 irq 1
[    0.901928] serio: i8042 AUX0 port at 0x60,0x64 irq 12
[    0.902229] serio: i8042 AUX1 port at 0x60,0x64 irq 12
[    0.902526] serio: i8042 AUX2 port at 0x60,0x64 irq 12
[    0.902820] serio: i8042 AUX3 port at 0x60,0x64 irq 12
[    0.903382] mousedev: PS/2 mouse device common for all mice
[    0.904284] rtc_cmos 00:02: RTC can wake from S4
[    0.904764] rtc_cmos 00:02: rtc core: registered rtc_cmos as rtc0
[    0.905168] rtc_cmos 00:02: alarms up to one month, y3k, 242 bytes nvram, hpet irqs
[    0.905706] device-mapper: uevent: version 1.0.3
[    0.906247] device-mapper: ioctl: 4.28.0-ioctl (2014-09-17) initialised: dm-devel@redhat.com
[    0.907116] hidraw: raw HID events driver (C) Jiri Kosina
[    0.907525] usbcore: registered new interface driver usbhid
[    0.907830] usbhid: USB HID core driver
[    0.908134] drop_monitor: Initializing network drop monitor service
[    0.908554] ip_tables: (C) 2000-2006 Netfilter Core Team
[    0.909052] TCP: cubic registered
[    0.909240] Initializing XFRM netlink socket
[    0.909675] NET: Registered protocol family 10
[    0.910160] mip6: Mobile IPv6
[    0.910331] NET: Registered protocol family 17
[    0.911211] Loading compiled-in X.509 certificates
[    0.912581] Loaded X.509 cert 'Magrathea: Glacier signing key: 0bff8853ea7d77f2c66fb00ea38b5fb65f1193b6'
[    0.913142] registered taskstats version 1
[    0.914066]   Magic number: 11:949:560
[    0.914440] rtc_cmos 00:02: setting system clock to 2015-12-09 02:35:57 UTC (1449628557)
[    0.914982] PM: Hibernation image not present or could not be loaded.
[    0.998742] input: AT Translated Set 2 keyboard as /devices/platform/i8042/serio0/input/input4
[    1.167145] ata1: SATA link down (SStatus 0 SControl 300)
[    1.179132] usb 1-1: new high-speed USB device number 2 using ehci-pci
[    1.193136] usb 2-1: new high-speed USB device number 2 using ehci-pci
[    1.293291] ACPI: Battery Slot [BAT1] (battery present)
[    1.293502] usb 1-1: New USB device found, idVendor=8087, idProduct=0020
[    1.293505] usb 1-1: New USB device strings: Mfr=0, Product=0, SerialNumber=0
[    1.293853] hub 1-1:1.0: USB hub found
[    1.293963] hub 1-1:1.0: 6 ports detected
[    1.307905] usb 2-1: New USB device found, idVendor=8087, idProduct=0020
[    1.308287] usb 2-1: New USB device strings: Mfr=0, Product=0, SerialNumber=0
[    1.309044] hub 2-1:1.0: USB hub found
[    1.309494] hub 2-1:1.0: 8 ports detected
[    1.586361] usb 2-1.4: new high-speed USB device number 3 using ehci-pci
[    1.600390] ata2: SATA link up 3.0 Gbps (SStatus 123 SControl 300)
[    1.601105] ata2.00: ATA-8: INTEL SSDSC2BP240G4, L2010420, max UDMA/133
[    1.601479] ata2.00: 468862128 sectors, multi 1: LBA48 NCQ (depth 31/32)
[    1.602344] ata2.00: configured for UDMA/133
[    1.602804] scsi 1:0:0:0: Direct-Access     ATA      INTEL SSDSC2BP24 0420 PQ: 0 ANSI: 5
[    1.603799] sd 1:0:0:0: [sda] 468862128 512-byte logical blocks: (240 GB/223 GiB)
[    1.603804] sd 1:0:0:0: Attached scsi generic sg0 type 0
[    1.604733] sd 1:0:0:0: [sda] Write Protect is off
[    1.605000] sd 1:0:0:0: [sda] Mode Sense: 00 3a 00 00
[    1.605029] sd 1:0:0:0: [sda] Write cache: enabled, read cache: enabled, doesn't support DPO or FUA
[    1.606090]  sda: sda1 sda2
[    1.606707] sd 1:0:0:0: [sda] Attached SCSI disk
[    1.812473] tsc: Refined TSC clocksource calibration: 2393.983 MHz
[    1.909572] ata5: SATA link down (SStatus 0 SControl 300)
[    2.099069] psmouse serio4: synaptics: queried max coordinates: x [..5632], y [..4554]
[    2.179604] psmouse serio4: synaptics: Touchpad model: 1, fw: 7.2, id: 0x1c0b1, caps: 0xd04733/0xa40000/0xa0000, board id: 0, fw id: 541116
[    2.214716] ata6: SATA link down (SStatus 0 SControl 300)
[    2.216614] Freeing unused kernel memory: 1460K (ffffffff81d18000 - ffffffff81e85000)
[    2.217115] Write protecting the kernel read-only data: 12288k
[    2.219794] Freeing unused kernel memory: 676K (ffff880001757000 - ffff880001800000)
[    2.222216] Freeing unused kernel memory: 872K (ffff880001b26000 - ffff880001c00000)
[    2.227644] input: SynPS/2 Synaptics TouchPad as /devices/platform/i8042/serio4/input/input12
[    2.227925] random: systemd urandom read with 19 bits of entropy available
[    2.229609] systemd[1]: systemd 222 running in system mode. (+PAM +AUDIT +SELINUX +IMA -APPARMOR +SMACK +SYSVINIT +UTMP +LIBCRYPTSETUP +GCRYPT +GNUTLS +ACL +XZ -LZ4 +SECCOMP +BLKID +ELFUTILS +KMOD +IDN)
[    2.230944] systemd[1]: Detected architecture x86-64.
[    2.231229] systemd[1]: Running in initial RAM disk.
[    2.231622] systemd[1]: Set hostname to <firo>.
[    2.305648] systemd[1]: Reached target Swap.
[    2.305940] systemd[1]: Starting Swap.
[    2.306237] systemd[1]: Started Dispatch Password Requests to Console Directory Watch.
[    2.306682] systemd[1]: Starting Dispatch Password Requests to Console Directory Watch.
[    2.307444] systemd[1]: Created slice -.slice.
[    2.307706] systemd[1]: Starting -.slice.
[    2.308039] systemd[1]: Listening on udev Kernel Socket.
[    2.308349] systemd[1]: Starting udev Kernel Socket.
[    2.310410] systemd[1]: Listening on Journal Audit Socket.
[    2.310845] systemd[1]: Created slice System Slice.
[    2.311121] systemd[1]: Starting System Slice.
[    2.311401] systemd[1]: Reached target Slices.
[    2.311651] systemd[1]: Starting Slices.
[    2.311962] systemd[1]: Listening on udev Control Socket.
[    2.312265] systemd[1]: Starting udev Control Socket.
[    2.312574] systemd[1]: Reached target Paths.
[    2.312832] systemd[1]: Starting Paths.
[    2.313088] systemd[1]: Reached target Local File Systems.
[    2.313396] systemd[1]: Starting Local File Systems.
[    2.313698] systemd[1]: Reached target Timers.
[    2.313958] systemd[1]: Starting Timers.
[    2.314231] systemd[1]: Listening on Journal Socket (/dev/log).
[    2.314562] systemd[1]: Starting Journal Socket (/dev/log).
[    2.315000] systemd[1]: Listening on Journal Socket.
[    2.315296] systemd[1]: Starting Journal Socket.
[    2.316022] systemd[1]: Starting Journal Service...
[    2.316709] systemd[1]: Starting Create list of required static device nodes for the current kernel...
[    2.317313] systemd[1]: Started dracut ask for additional cmdline parameters.
[    2.318442] systemd[1]: Starting dracut cmdline hook...
[    2.318873] systemd[1]: Reached target Sockets.
[    2.319143] systemd[1]: Starting Sockets.
[    2.320105] systemd[1]: Starting Load Kernel Modules...
[    2.321143] systemd[1]: Started Create list of required static device nodes for the current kernel.
[    2.327101] systemd[1]: Starting Create Static Device Nodes in /dev...
[    2.328395] i2c /dev entries driver
[    2.329672] systemd[1]: Started Load Kernel Modules.
[    2.330384] systemd[1]: Started Create Static Device Nodes in /dev.
[    2.333818] systemd[1]: Starting Apply Kernel Variables...
[    2.336307] systemd[1]: Started Apply Kernel Variables.
[    2.355045] usb 2-1.4: New USB device found, idVendor=064e, idProduct=f207
[    2.355470] usb 2-1.4: New USB device strings: Mfr=1, Product=2, SerialNumber=3
[    2.355926] usb 2-1.4: Product: Lenovo EasyCamera
[    2.356214] usb 2-1.4: Manufacturer: SuYin
[    2.356468] usb 2-1.4: SerialNumber: CN1316-J312-MI01-VL-R10.08.08
[    2.374999] systemd[1]: Started Journal Service.
[    2.645349] sdhci: Secure Digital Host Controller Interface driver
[    2.645704] sdhci: Copyright(c) Pierre Ossman
[    2.652347] sdhci-pci 0000:03:00.2: SDHCI controller found [197b:2386] (rev 20)
[    2.652990] sdhci-pci 0000:03:00.2: No vmmc regulator found
[    2.653325] sdhci-pci 0000:03:00.2: No vqmmc regulator found
[    2.656488] mmc0: SDHCI controller on PCI [0000:03:00.2] using DMA
[    2.814658] Switched to clocksource tsc
[    3.010856] EXT4-fs (dm-1): mounted filesystem with ordered data mode. Opts: (null)
[    3.112926] psmouse serio4: synaptics: queried max coordinates: x [..5632], y [..4554]
[    3.183144] systemd-journald[174]: Received SIGTERM from PID 1 (systemd).
[    3.196216] psmouse serio4: synaptics: Touchpad model: 1, fw: 7.2, id: 0x1c0b1, caps: 0xd04733/0xa40000/0xa0000, board id: 0, fw id: 541116
[    3.242563] input: SynPS/2 Synaptics TouchPad as /devices/platform/i8042/serio4/input/input14
[    3.451549] EXT4-fs (dm-1): re-mounted. Opts: (null)
[    3.480795] systemd-journald[465]: File /var/log/journal/5962a73da389474fa8f24c76ba30b046/system.journal corrupted or uncleanly shut down, renaming and replacing.
[    3.532357] systemd-journald[465]: Received request to flush runtime journal from PID 1
[    3.843980] wmi: Mapper loaded
[    3.882775] ACPI Warning: SystemIO range 0x0000000000000428-0x000000000000042F conflicts with OpRegion 0x0000000000000400-0x000000000000047F (\PMIO) (20140926/utaddress-254)
[    3.883657] ACPI: If an ACPI driver is available for this device, you should use it instead of the native driver
[    3.885301] ACPI Warning: SystemIO range 0x00000000000011C0-0x00000000000011CF conflicts with OpRegion 0x0000000000001180-0x00000000000011E3 (\GPIO) (20140926/utaddress-254)
[    3.886168] ACPI Warning: SystemIO range 0x00000000000011C0-0x00000000000011CF conflicts with OpRegion 0x0000000000001180-0x00000000000011DF (\_SB_.PCI0.P0P2.PEGP.GPIO) (20140926/utaddress-254)
[    3.887140] ACPI: If an ACPI driver is available for this device, you should use it instead of the native driver
[    3.888595] ACPI Warning: SystemIO range 0x00000000000011B0-0x00000000000011BF conflicts with OpRegion 0x0000000000001180-0x00000000000011E3 (\GPIO) (20140926/utaddress-254)
[    3.890319] ACPI Warning: SystemIO range 0x00000000000011B0-0x00000000000011BF conflicts with OpRegion 0x0000000000001180-0x00000000000011DF (\_SB_.PCI0.P0P2.PEGP.GPIO) (20140926/utaddress-254)
[    3.891280] ACPI: If an ACPI driver is available for this device, you should use it instead of the native driver
[    3.893416] ACPI Warning: SystemIO range 0x0000000000001180-0x00000000000011AF conflicts with OpRegion 0x0000000000001180-0x00000000000011E3 (\GPIO) (20140926/utaddress-254)
[    3.897018] ACPI Warning: SystemIO range 0x0000000000001180-0x00000000000011AF conflicts with OpRegion 0x0000000000001180-0x00000000000011DF (\_SB_.PCI0.P0P2.PEGP.GPIO) (20140926/utaddress-254)
[    3.897987] ACPI: If an ACPI driver is available for this device, you should use it instead of the native driver
[    3.898539] lpc_ich: Resource conflict(s) found affecting gpio_ich
[    3.899604] shpchp: Standard Hot Plug PCI Controller Driver version: 0.4
[    3.923023] pps_core: LinuxPPS API ver. 1 registered
[    3.923301] pps_core: Software ver. 5.3.6 - Copyright 2005-2007 Rodolfo Giometti <giometti@linux.it>
[    3.941102] PTP clock support registered
[    3.945065] media: Linux media interface: v0.10
[    3.946527] input: Ideapad extra buttons as /devices/pci0000:00/0000:00:1f.0/PNP0C09:00/VPC2004:00/input/input15
[    3.964462] mei_me 0000:00:16.0: irq 26 for MSI/MSI-X
[    3.999269] ACPI Warning: SystemIO range 0x0000000000001840-0x000000000000185F conflicts with OpRegion 0x0000000000001840-0x000000000000184F (\_SB_.PCI0.SBUS.SMBI) (20140926/utaddress-254)
[    4.000222] ACPI: If an ACPI driver is available for this device, you should use it instead of the native driver
[    4.032231] intel ips 0000:00:1f.6: CPU TDP doesn't match expected value (found 25, expected 29)
[    4.033471] intel ips 0000:00:1f.6: failed to get i915 symbols, graphics turbo disabled until i915 loads
[    4.041817] intel ips 0000:00:1f.6: IPS driver initialized, MCP temp limit 90
[    4.047836] tg3.c:v3.137 (May 11, 2014)
[    4.069357] [drm] Initialized drm 1.1.0 20060810
[    4.078641] libphy: tg3 mdio bus: probed
[    4.089949] Linux video capture interface: v2.00
[    4.142604] tg3 0000:09:00.0 eth0: Tigon3 [partno(BCM57780) rev 57780001] (PCI Express) MAC address 00:26:9e:ff:1d:8a
[    4.143185] tg3 0000:09:00.0 eth0: attached PHY driver [Broadcom BCM57780] (mii_bus:phy_addr=900:01)
[    4.143678] tg3 0000:09:00.0 eth0: RXcsums[1] LinkChgREG[0] MIirq[0] ASF[0] TSOcap[1]
[    4.144109] tg3 0000:09:00.0 eth0: dma_rwctrl[76180000] dma_mask[64-bit]
[    4.198085] random: nonblocking pool is initialized
[    4.243062] cfg80211: Calling CRDA to update world regulatory domain
[    4.256455] iTCO_vendor_support: vendor-support=0
[    4.347161] iTCO_wdt: Intel TCO WatchDog Timer Driver v1.11
[    4.347518] iTCO_wdt: Found a HM55 TCO device (Version=2, TCOBASE=0x0460)
[    4.348084] iTCO_wdt: initialized. heartbeat=30 sec (nowayout=0)
[    4.383289] uvcvideo: Found UVC 1.00 device Lenovo EasyCamera (064e:f207)
[    4.387574] input: Lenovo EasyCamera as /devices/pci0000:00/0000:00:1d.0/usb2/2-1/2-1.4/2-1.4:1.0/input/input16
[    4.388289] usbcore: registered new interface driver uvcvideo
[    4.388624] USB Video Class driver (1.1.1)
[    4.408785] EXT4-fs (sda1): mounted filesystem with ordered data mode. Opts: (null)
[    4.412895] cfg80211: World regulatory domain updated:
[    4.413192] cfg80211:  DFS Master region: unset
[    4.413459] cfg80211:   (start_freq - end_freq @ bandwidth), (max_antenna_gain, max_eirp), (dfs_cac_time)
[    4.414011] cfg80211:   (2402000 KHz - 2472000 KHz @ 40000 KHz), (N/A, 2000 mBm), (N/A)
[    4.414450] cfg80211:   (2457000 KHz - 2482000 KHz @ 40000 KHz), (N/A, 2000 mBm), (N/A)
[    4.414885] cfg80211:   (2474000 KHz - 2494000 KHz @ 20000 KHz), (N/A, 2000 mBm), (N/A)
[    4.415409] cfg80211:   (5170000 KHz - 5250000 KHz @ 80000 KHz, 160000 KHz AUTO), (N/A, 2000 mBm), (N/A)
[    4.415912] cfg80211:   (5250000 KHz - 5330000 KHz @ 80000 KHz, 160000 KHz AUTO), (N/A, 2000 mBm), (0 s)
[    4.416459] cfg80211:   (5490000 KHz - 5730000 KHz @ 160000 KHz), (N/A, 2000 mBm), (0 s)
[    4.416903] cfg80211:   (5735000 KHz - 5835000 KHz @ 80000 KHz), (N/A, 2000 mBm), (N/A)
[    4.417346] cfg80211:   (57240000 KHz - 63720000 KHz @ 2160000 KHz), (N/A, 0 mBm), (N/A)
[    4.572300] snd_hda_intel 0000:00:1b.0: irq 27 for MSI/MSI-X
[    4.572458] snd_hda_intel 0000:01:00.1: Handle VGA-switcheroo audio client
[    4.572868] snd_hda_intel 0000:01:00.1: irq 28 for MSI/MSI-X
[    4.579191] Adding 3932156k swap on /dev/mapper/fedora-swap.  Priority:-1 extents:1 across:3932156k SSFS
[    4.634207] kvm: VM_EXIT_LOAD_IA32_PERF_GLOBAL_CTRL does not work properly. Using workaround
[    4.635973] tg3 0000:09:00.0 enp9s0: renamed from eth0
[    4.813208] sound hdaudioC0D0: autoconfig: line_outs=2 (0x14/0x17/0x0/0x0/0x0) type:speaker
[    4.813670] sound hdaudioC0D0:    speaker_outs=0 (0x0/0x0/0x0/0x0/0x0)
[    4.814026] sound hdaudioC0D0:    hp_outs=1 (0x21/0x0/0x0/0x0/0x0)
[    4.814373] sound hdaudioC0D0:    mono: mono_out=0x0
[    4.814647] sound hdaudioC0D0:    dig-out=0x1e/0x0
[    4.814912] sound hdaudioC0D0:    inputs:
[    4.815135] sound hdaudioC0D0:      Mic=0x18
[    4.815373] sound hdaudioC0D0:      Internal Mic=0x12
[    4.993936] [drm] Memory usable by graphics device = 2048M
[    4.994242] [drm] Replacing VGA console driver
[    4.997693] Console: switching to colour dummy device 80x25
[    5.053259] EXT4-fs (dm-2): mounted filesystem with ordered data mode. Opts: (null)
[    5.053626] i915 0000:00:02.0: irq 29 for MSI/MSI-X
[    5.053647] [drm] Supports vblank timestamp caching Rev 2 (21.10.2013).
[    5.053648] [drm] Driver supports precise vblank timestamp query.
[    5.054004] vgaarb: device changed decodes: PCI:0000:00:02.0,olddecodes=io+mem,decodes=none:owns=io+mem
[    5.071891] [Firmware Bug]: ACPI(PEGP) defines _DOD but not _DOS
[    5.072648] ACPI: Video Device [PEGP] (multi-head: yes  rom: no  post: no)
[    5.078570] acpi device:02: registered as cooling_device4
[    5.078938] input: Video Bus as /devices/LNXSYSTM:00/LNXSYBUS:00/PNP0A08:00/device:00/LNXVIDEO:00/input/input17
[    5.079706] [Firmware Bug]: Duplicate ACPI video bus devices for the same VGA controller, please try module parameter "video.allow_duplicates=1"if the current driver doesn't work.
[    5.081070] ACPI: Video Device [GFX0] (multi-head: yes  rom: no  post: no)
[    5.084816] fbcon: inteldrmfb (fb0) is primary device
[    5.252877] [drm] radeon kernel modesetting enabled.
[    5.252896] VGA switcheroo: detected switching method \_SB_.PCI0.GFX0.ATPX handle
[    5.634338] ath: phy0: Enable LNA combining
[    5.636964] ath: phy0: ASPM enabled: 0x43
[    5.636966] ath: EEPROM regdomain: 0x6a
[    5.636967] ath: EEPROM indicates we should expect a direct regpair map
[    5.636969] ath: Country alpha2 being used: 00
[    5.636970] ath: Regpair used: 0x6a
[    5.647555] ieee80211 phy0: Selected rate control algorithm 'minstrel_ht'
[    5.648013] ieee80211 phy0: Atheros AR9285 Rev:2 mem=0xffffc90010f40000, irq=17
[    5.653065] ath9k 0000:05:00.0 wlp5s0: renamed from wlan0
[    5.671009] cfg80211: Calling CRDA for country: CN
[    5.684143] cfg80211: Regulatory domain changed to country: CN
[    5.684145] cfg80211:  DFS Master region: FCC
[    5.684146] cfg80211:   (start_freq - end_freq @ bandwidth), (max_antenna_gain, max_eirp), (dfs_cac_time)
[    5.684148] cfg80211:   (2402000 KHz - 2482000 KHz @ 40000 KHz), (N/A, 2000 mBm), (N/A)
[    5.684150] cfg80211:   (5170000 KHz - 5250000 KHz @ 80000 KHz, 160000 KHz AUTO), (N/A, 2300 mBm), (N/A)
[    5.684152] cfg80211:   (5250000 KHz - 5330000 KHz @ 80000 KHz, 160000 KHz AUTO), (N/A, 2300 mBm), (0 s)
[    5.684154] cfg80211:   (5735000 KHz - 5835000 KHz @ 80000 KHz), (N/A, 3000 mBm), (N/A)
[    5.684155] cfg80211:   (57240000 KHz - 59400000 KHz @ 2160000 KHz), (N/A, 2800 mBm), (N/A)
[    5.684157] cfg80211:   (59400000 KHz - 63720000 KHz @ 2160000 KHz), (N/A, 4400 mBm), (N/A)
[    5.684158] cfg80211:   (63720000 KHz - 65880000 KHz @ 2160000 KHz), (N/A, 2800 mBm), (N/A)
[    5.902052] Console: switching to colour frame buffer device 170x48
[    5.907711] acpi device:0d: registered as cooling_device5
[    5.907935] input: Video Bus as /devices/LNXSYSTM:00/LNXSYBUS:00/PNP0A08:00/LNXVIDEO:02/input/input18
[    5.908228] [drm] Initialized i915 1.6.0 20140905 for 0000:00:02.0 on minor 0
[    5.916014] i915 0000:00:02.0: fb0: inteldrmfb frame buffer device
[    5.916017] i915 0000:00:02.0: registered panic notifier
[    5.916072] radeon 0000:01:00.0: enabling device (0104 -> 0107)
[    5.916550] [drm] initializing kernel modesetting (REDWOOD 0x1002:0x68C1 0x17AA:0x3951).
[    5.916581] [drm] register mmio base: 0xF8800000
[    5.916582] [drm] register mmio size: 131072
[    5.916585] vga_switcheroo: enabled
[    5.916671] ATPX version 1, functions 0x000000bf
[    6.501937] ATOM BIOS: MADISON
[    6.502213] radeon 0000:01:00.0: VRAM: 1024M 0x0000000000000000 - 0x000000003FFFFFFF (1024M used)
[    6.502712] radeon 0000:01:00.0: GTT: 1024M 0x0000000040000000 - 0x000000007FFFFFFF
[    6.503137] [drm] Detected VRAM RAM=1024M, BAR=256M
[    6.503428] [drm] RAM width 128bits DDR
[    6.503748] [TTM] Zone  kernel: Available graphics memory: 2952204 kiB
[    6.504110] [TTM] Zone   dma32: Available graphics memory: 2097152 kiB
[    6.504474] [TTM] Initializing pool allocator
[    6.504723] [TTM] Initializing DMA pool allocator
[    6.505005] [drm] radeon: 1024M of VRAM memory ready
[    6.505303] [drm] radeon: 1024M of GTT memory ready.
[    6.505589] [drm] Loading REDWOOD Microcode
[    6.508672] [drm] Internal thermal controller with fan control
[    6.509055] == power state 0 ==
[    6.509232] 	ui class: none
[    6.509406] 	internal class: boot 
[    6.509614] 	caps: video 
[    6.509781] 	uvd    vclk: 0 dclk: 0
[    6.509976] 		power level 0    sclk: 55000 mclk: 80000 vddc: 1000 vddci: 0
[    6.510386] 		power level 1    sclk: 55000 mclk: 80000 vddc: 1000 vddci: 0
[    6.510760] 		power level 2    sclk: 55000 mclk: 80000 vddc: 1000 vddci: 0
[    6.511132] 	status: c r b 
[    6.511364] == power state 1 ==
[    6.511539] 	ui class: performance
[    6.511737] 	internal class: none
[    6.511940] 	caps: single_disp video 
[    6.512172] 	uvd    vclk: 0 dclk: 0
[    6.512401] 		power level 0    sclk: 30000 mclk: 30000 vddc: 900 vddci: 0
[    6.512769] 		power level 1    sclk: 45000 mclk: 80000 vddc: 950 vddci: 0
[    6.513136] 		power level 2    sclk: 55000 mclk: 80000 vddc: 1000 vddci: 0
[    6.513543] 	status: 
[    6.513683] == power state 2 ==
[    6.513859] 	ui class: none
[    6.514024] 	internal class: uvd 
[    6.514228] 	caps: video 
[    6.514427] 	uvd    vclk: 50000 dclk: 40000
[    6.514658] 		power level 0    sclk: 55000 mclk: 80000 vddc: 1000 vddci: 0
[    6.515031] 		power level 1    sclk: 55000 mclk: 80000 vddc: 1000 vddci: 0
[    6.515420] 		power level 2    sclk: 55000 mclk: 80000 vddc: 1000 vddci: 0
[    6.515793] 	status: 
[    6.515933] == power state 3 ==
[    6.516108] 	ui class: performance
[    6.516323] 	internal class: none
[    6.516528] 	caps: video 
[    6.516695] 	uvd    vclk: 0 dclk: 0
[    6.516889] 		power level 0    sclk: 40000 mclk: 80000 vddc: 950 vddci: 0
[    6.517259] 		power level 1    sclk: 45000 mclk: 80000 vddc: 950 vddci: 0
[    6.517646] 		power level 2    sclk: 55000 mclk: 80000 vddc: 1000 vddci: 0
[    6.518022] 	status: 
[    6.518161] == power state 4 ==
[    6.518351] 	ui class: battery
[    6.518532] 	internal class: none
[    6.518736] 	caps: single_disp video 
[    6.518968] 	uvd    vclk: 0 dclk: 0
[    6.519163] 		power level 0    sclk: 10000 mclk: 15000 vddc: 900 vddci: 0
[    6.519550] 		power level 1    sclk: 10000 mclk: 15000 vddc: 900 vddci: 0
[    6.519921] 		power level 2    sclk: 30000 mclk: 30000 vddc: 900 vddci: 0
[    6.520306] 	status: 
[    6.520446] == power state 5 ==
[    6.520623] 	ui class: battery
[    6.520804] 	internal class: none
[    6.521008] 	caps: video 
[    6.521174] 	uvd    vclk: 0 dclk: 0
[    6.521383] 		power level 0    sclk: 10000 mclk: 30000 vddc: 900 vddci: 0
[    6.521754] 		power level 1    sclk: 10000 mclk: 30000 vddc: 900 vddci: 0
[    6.522124] 		power level 2    sclk: 30000 mclk: 30000 vddc: 900 vddci: 0
[    6.522508] 	status: 
[    6.522648] == power state 6 ==
[    6.522823] 	ui class: battery
[    6.523004] 	internal class: uvd_sd 
[    6.523222] 	caps: video 
[    6.523394] 	uvd    vclk: 10000 dclk: 10000
[    6.523625] 		power level 0    sclk: 30000 mclk: 30000 vddc: 900 vddci: 0
[    6.523995] 		power level 1    sclk: 30000 mclk: 30000 vddc: 900 vddci: 0
[    6.524382] 		power level 2    sclk: 30000 mclk: 30000 vddc: 900 vddci: 0
[    6.524750] 	status: 
[    6.524888] == power state 7 ==
[    6.525063] 	ui class: battery
[    6.525243] 	internal class: uvd_hd 
[    6.525474] 	caps: video 
[    6.525640] 	uvd    vclk: 40000 dclk: 30000
[    6.525871] 		power level 0    sclk: 37500 mclk: 40000 vddc: 900 vddci: 0
[    6.526239] 		power level 1    sclk: 37500 mclk: 40000 vddc: 900 vddci: 0
[    6.526625] 		power level 2    sclk: 37500 mclk: 40000 vddc: 900 vddci: 0
[    6.526993] 	status: 
[    6.533207] [drm] radeon: dpm initialized
[    6.534398] [drm] GART: num cpu pages 262144, num gpu pages 262144
[    6.539665] [drm] PCIE GART of 1024M enabled (table at 0x000000000025E000).
[    6.540193] radeon 0000:01:00.0: WB enabled
[    6.540437] radeon 0000:01:00.0: fence driver on ring 0 use gpu addr 0x0000000040000c00 and cpu addr 0xffff8800b5a96c00
[    6.541016] radeon 0000:01:00.0: fence driver on ring 3 use gpu addr 0x0000000040000c0c and cpu addr 0xffff8800b5a96c0c
[    6.542463] radeon 0000:01:00.0: fence driver on ring 5 use gpu addr 0x000000000005c418 and cpu addr 0xffffc90012b1c418
[    6.543048] [drm] Supports vblank timestamp caching Rev 2 (21.10.2013).
[    6.543414] [drm] Driver supports precise vblank timestamp query.
[    6.543747] radeon 0000:01:00.0: radeon: MSI limited to 32-bit
[    6.544159] radeon 0000:01:00.0: irq 30 for MSI/MSI-X
[    6.544178] radeon 0000:01:00.0: radeon: using MSI.
[    6.544487] [drm] radeon: irq initialized.
[    6.561835] [drm] ring test on 0 succeeded in 1 usecs
[    6.562122] [drm] ring test on 3 succeeded in 3 usecs
[    6.740285] [drm] ring test on 5 succeeded in 1 usecs
[    6.740595] [drm] UVD initialized successfully.
[    6.741365] [drm] ib test on ring 0 succeeded in 0 usecs
[    6.741723] [drm] ib test on ring 3 succeeded in 0 usecs
[    6.903752] [drm] ib test on ring 5 succeeded
[    6.958736] [drm] radeon atom DIG backlight initialized
[    6.959029] [drm] Radeon Display Connectors
[    6.959262] [drm] Connector 0:
[    6.959435] [drm]   LVDS-2
[    6.959605] [drm]   DDC: 0x6470 0x6470 0x6474 0x6474 0x6478 0x6478 0x647c 0x647c
[    6.960016] [drm]   Encoders:
[    6.960184] [drm]     LCD1: INTERNAL_UNIPHY
[    6.960416] [drm] Connector 1:
[    6.960596] [drm]   HDMI-A-1
[    6.960764] [drm]   HPD1
[    6.960913] [drm]   DDC: 0x6430 0x6430 0x6434 0x6434 0x6438 0x6438 0x643c 0x643c
[    6.961316] [drm]   Encoders:
[    6.961484] [drm]     DFP1: INTERNAL_UNIPHY1
[    6.961728] [drm] Connector 2:
[    6.961904] [drm]   VGA-2
[    6.962058] [drm]   DDC: 0x64d8 0x64d8 0x64dc 0x64dc 0x64e0 0x64e0 0x64e4 0x64e4
[    6.962460] [drm]   Encoders:
[    6.962636] [drm]     CRT1: INTERNAL_KLDSCP_DAC1
[    6.971265] switching from power state:
[    6.971485] 	ui class: none
[    6.971667] 	internal class: boot 
[    6.971877] 	caps: video 
[    6.972046] 	uvd    vclk: 0 dclk: 0
[    6.972242] 		power level 0    sclk: 55000 mclk: 80000 vddc: 1000 vddci: 0
[    6.972621] 		power level 1    sclk: 55000 mclk: 80000 vddc: 1000 vddci: 0
[    6.972995] 		power level 2    sclk: 55000 mclk: 80000 vddc: 1000 vddci: 0
[    6.973369] 	status: c b 
[    6.973546] switching to power state:
[    6.973756] 	ui class: performance
[    6.973955] 	internal class: none
[    6.974160] 	caps: single_disp video 
[    6.974394] 	uvd    vclk: 0 dclk: 0
[    6.974620] 		power level 0    sclk: 30000 mclk: 30000 vddc: 900 vddci: 0
[    6.974990] 		power level 1    sclk: 45000 mclk: 80000 vddc: 950 vddci: 0
[    6.975360] 		power level 2    sclk: 55000 mclk: 80000 vddc: 1000 vddci: 0
[    6.975761] 	status: r 
[    6.995054] radeon 0000:01:00.0: No connectors reported connected with modes
[    6.995443] [drm] Cannot find any crtc or sizes - going 1024x768
[    6.996944] [drm] fb mappable at 0xC045F000
[    6.997176] [drm] vram apper at 0xC0000000
[    6.997403] [drm] size 3145728
[    6.997582] [drm] fb depth is 24
[    6.997763] [drm]    pitch is 4096
[    6.998161] radeon 0000:01:00.0: fb1: radeondrmfb frame buffer device
[    6.999091] [drm] Initialized radeon 2.40.0 20080528 for 0000:01:00.0 on minor 1
[    7.299592] IPv6: ADDRCONF(NETDEV_UP): wlp5s0: link is not ready
[    7.315595] IPv6: ADDRCONF(NETDEV_UP): wlp5s0: link is not ready
[    7.318123] IPv6: ADDRCONF(NETDEV_UP): enp9s0: link is not ready
[    7.318588] tg3 0000:09:00.0: irq 31 for MSI/MSI-X
[    7.337400] IPv6: ADDRCONF(NETDEV_UP): enp9s0: link is not ready
[    7.415543] IPv6: ADDRCONF(NETDEV_UP): wlp5s0: link is not ready
[    7.474713] systemd-journald[465]: File /var/log/journal/5962a73da389474fa8f24c76ba30b046/user-1000.journal corrupted or uncleanly shut down, renaming and replacing.
[    8.151380] tg3 0000:09:00.0 enp9s0: Link is down
[    9.156078] tg3 0000:09:00.0 enp9s0: Link is up at 100 Mbps, full duplex
[    9.156531] tg3 0000:09:00.0 enp9s0: Flow control is on for TX and on for RX
[    9.157078] IPv6: ADDRCONF(NETDEV_CHANGE): enp9s0: link becomes ready
[    9.372062] intel ips 0000:00:1f.6: i915 driver attached, reenabling gpu turbo
[   12.962176] sogou-qimpanel[1727]: segfault at 0 ip           (null) sp 00007ffc411ea3a8 error 14 in sogou-qimpanel[400000+1c6000]
