CROSS_COMPILE=/buildarea1/firo/4040/bitbake_build/tmp/sysroots/x86_64-linux/usr/bin/ppce500mc-wrs-linux/powerpc-wrs-linux-
layers/wr-bsps/fsl-e500mc/bootloader/fsl-p4080/README
make P4080DS_TYPHOON1_config 

# Current uboot log
Firo: uboot setup_mp pagesize 1000, bootpg 7ffff000, fixup 7ff34000, boot map 7ffff000
Firo: uboot __bootpg_addr 7ff35000 __spin_table_addr 7ff351c0
Firo: uboot before brsize b, bootpg 7ffff000, ccm bstrl 0 &e7000024, id 0 bstrar 1f0000b
Firo: uboot after brsize b, bootpg 7ffff000, ccm bstrl 7ffff000 &e7000024, id 10 bstrar 8100000b
Firo: uboot before &brrl e70e00e4 , brrl 0 mask f
Firo: uboot after &brrl e70e00e4 , brrl f mask f
CPU up timeout. CPU up mask is 1 should be f

# uboot source code
86 struct fdt_property {
 87         fdt32_t tag;
 88         fdt32_t len;
 89         fdt32_t nameoff;
 90         char data[0];
 91 };


Firo: u-boot val 7ff83aae
Firo: u-boot &val 7fe2d8e0
Firo: u-boot spin table 0x7ff351c0
Firo: u-boot &spin table 7ff351c0
Firo: u-boot size 64
Firo u-boot:cpu release addr 7fe2d8e0, value ffffffff
Firo: u-boot val 7ff83aae
Firo: u-boot &val 7fe2d8e0
Firo: u-boot spin table 7ff351c0
Firo: u-boot &spin table 7ff351c0
Firo: u-boot size 64
Firo u-boot:cpu release addr 7fe2d8e0, value 0
Firo: u-boot val 7ff83aae
Firo: u-boot &val 7fe2d8e0
Firo: u-boot spin table 7ff351c0
Firo: u-boot &spin table 7ff351c0
Firo: u-boot size 64
Firo u-boot:cpu release addr 7fe2d8e0, value 0
Firo: u-boot val 7ff83aae
Firo: u-boot &val 7fe2d8e0
Firo: u-boot spin table 0x7ff351c0
Firo: u-boot &spin table 7ff351c0
Firo: u-boot size 64
Firo u-boot:cpu release addr 7fe2d8e0, value 0
Firo: u-boot val 7ff83aae
Firo: u-boot &val 7fe2d8e0
Firo: u-boot spin table 7ff351c0
Firo: u-boot &spin table 7ff351c0
Firo: u-boot size 64
Firo u-boot:cpu release addr 7fe2d8e0, value 0
Firo: u-boot val 7ff83aae
Firo: u-boot &val 7fe2d8e0
Firo: u-boot spin table 7ff351c0
Firo: u-boot &spin table 7ff351c0
Firo: u-boot size 64
Firo u-boot:cpu release addr 7fe2d8e0, value 0
Firo: u-boot val 7ff83aae
Firo: u-boot &val 7fe2d8e0
Firo: u-boot spin table 7ff351c0
Firo: u-boot &spin table 7ff351c0
Firo: u-boot size 64
Firo u-boot:cpu release addr 7fe2d8e0, value 0
Firo: u-boot val 7ff83aae
Firo: u-boot &val 7fe2d8e0
Firo: u-boot spin table 7ff351c0
Firo: u-boot &spin table 7ff351c0
Firo: u-boot size 64
Firo u-boot:cpu release addr 7fe2d8e0, value 0

# origin uboot
make CROSS_COMPILE=/buildarea1/firo/4040/bitbake_build/tmp/sysroots/x86_64-linux/usr/bin/ppce500mc-wrs-linux/powerpc-wrs-linux-  ARCH=powerpc V=1 

File is disk0:/u-boot.bin. Will do load and Run
loadprog: switching to default load for fmagic:      0x0
loadprog: load location: 0x1100000
loadprog: using file size:   477960
program load complete, entry point: 0x1100000, size: 0x74b08
program load complete, entry point: 0x1100000, size: 0x74b08
Launching image with launch code: 2 entry: 0x1100000Rupam image mem:200040 size 74b08 

get_clocks 452 

get_sys_info 287 

get_sys_info 296 

get_sys_info 426 


U-Boot 2014.01 (Nov 13 2015 - 00:24:48)

CPU0:  P4040E, Version: 3.0, (0x82090030)
Core:  e500mc, Version: 3.1, (0x80230031)

get_sys_info 287 

get_sys_info 296 

get_sys_info 426 
Clock Configuration:
       CPU0:4.650 MHz, CPU1:4.650 MHz, CPU2:4.650 MHz, CPU3:4.650 MHz, 
       CCB:2.480 MHz,
       DDR:2.015 MHz (4.030 MT/s data rate) (Asynchronous), LBC:0.310 MHz
       FMAN1: 2.325 MHz
       FMAN2: 2.325 MHz
       QMAN:  1.240 MHz
       PME:   2.325 MHz
L1:    D-cache 32 KiB enabled
       I-cache 32 KiB enabled
Reset Configuration Word (RCW):
       00000000: 105a0000 00000000 1e1e1e00 0044dddd
       00000010: 38814400 c0002000 de800000 e1000000
       00000020: 00000000 00000000 00000000 c0830000
       00000030: 00000000 00000000 00000000 00000000
I2C:   ready
SPI:   ready
Rupam board_init_f/400 completed init_sequence 
Reserving MP boot page to 7ffff000
Top of RAM usable for U-Boot at: 7ffff000
Reserving 818k for U-Boot at: 7ff30000

TOTAL_MALLOC_LEN : 102000
Reserving 1032k for malloc() at: 7fe2e000
Reserving 72 Bytes for Board Info at: 7fe2dfb8
Reserving 192 Bytes for Global Data at: 7fe2def8
Stack Pointer at: 7fe2dee0
New Stack Pointer is: 7fe2dee0
chanmish[board_init_f,#598]gd->relocaddr=0x7FF30000
chanmish[board_init_f,#601]
Now running in RAM - U-Boot at: 7ff30000
L2:    128 KiB enabled
Corenet Platform Cache: 2 MiB enabled
Warning: SERDES8 requires banks two and three to be disabled in the RCW
SRIO1: disabled
SRIO2: disabled
SIVA: mp.c: spin_table_addr ffffffffffffffff
SIVA: __bootpg_addr ffffffff00000000 __spin_table_addr 7fe2dd33
# Firo u-boot:cpu release addr 7fe2d8e8, value 0
windriver uboot log 
=> cpu 1 status
Running on cpu 0
table @ 0x7fef4140
   addr - 0x00000001
   r3   - 0x00000001
   pir  - 0x00000001
=> cpu 2 status
Running on cpu 0
table @ 0x7fef4180
   addr - 0x00000001
   r3   - 0x00000002
   pir  - 0x00000002
windriver p4080 log
[    0.108923] Firo: cpu rel addr * 7fef4140, c3fe25e8, spin table f101e140, state 0 remap 1
[    0.123947] Firo: cpu rel addr * 7fef4180, c3fe27fc, spin table f1026180, state 0 remap 1
[    0.138953] Firo: cpu rel addr * 7fef41c0, c3fe2a10, spin table f10281c0, state 0 remap 1
[    0.153944] Firo: cpu rel addr * 7fef4200, c3fe2c24, spin table f102a200, state 0 remap 1
[    0.168928] Firo: cpu rel addr * 7fef4240, c3fe2e38, spin table f102c240, state 0 remap 1
[    0.183910] Firo: cpu rel addr * 7fef4280, c3fe304c, spin table f102e280, state 0 remap 1
[    0.198884] Firo: cpu rel addr * 7fef42c0, c3fe3260, spin table f10302c0, state 0 remap 1

Firo:cpu nr1 release addr c3fe352c, spin_table f101403f, ioremmappable 1
#spin_table is virt addr, cpu release addr is physical
=> cpu 1 status
Running on cpu 0
//table = (u32 *)&__spin_table;
table @ 0x7fef4140
   addr - 0x00000001
   r3   - 0x00000001
   pir  - 0x00000001
=> cpu 2 status
Running on cpu 0

table @ 0x7fef4180
   addr - 0x00000001
   r3   - 0x00000002
   pir  - 0x00000002

# p4040 spin addr rel
Firo: u-boot ft_fixup_cpu hold_core cpu 0 in reset 0 val = 0 &val ffffffff
spin 7fe2d8e0, size 3
Firo u-boot:cpu release addr 7fe2d8e0, value 0
Firo: u-boot ft_fixup_cpu hold_core cpu 1 in reset 0 val = 1 &val 0000003f
spin 7fe2d8e0, size 3
Firo u-boot:cpu release addr 7fe2d8e0, value 1
Firo: u-boot ft_fixup_cpu hold_core cpu 2 in reset 0 val = 1 &val 0000007f
spin 7fe2d8e0, size 3
Firo u-boot:cpu release addr 7fe2d8e0, value 1
Firo: u-boot ft_fixup_cpu hold_core cpu 3 in reset 0 val = 1 &val 000000bf
spin 7fe2d8e0, size 3
Firo u-boot:cpu release addr 7fe2d8e0, value 1
# p4040 cisco cpu status
=> cpu 0 status
table base @ 0x7ff351c0
=> cpu 1 status
Running on cpu 0

table @ 0x7ff35200
   addr - 0x00000000
   r3   - 0x00000000
   pir  - 0x00000000
=> cpu 2 status
Running on cpu 0

table @ 0x7ff35240
   addr - 0x00000000
   r3   - 0x00000000
   pir  - 0x00000000
=> cpu 3 status
Running on cpu 0

table @ 0x7ff35280
   addr - 0x00000000
   r3   - 0x00000000
   pir  - 0x00000000
SIVA: brrl 0xe70e00e4 mask 0xf
CPU up timeout. CPU up mask is 1 should be f
MMC:  FSL_SDHC: 0
*** Warning - bad CRC, using default environment

EEPROM: Read failed.

SPAG board_init_r , 857

inside drivers pci n
inside p_corenet pci.c pci_init_board

fsl_pcie_init_board 809

fsl_pcie_init_board 818

fsl_configure_pcie 703
PCIe1: Root Complex, 
fsl_pci_init_port 607
x2 gen2, regs @ 0xe7200000
  01:00.0     - 111d:8074 - Bridge device
   02:00.0    - 111d:8074 - Bridge device
   02:01.0    - 111d:8074 - Bridge device
    04:00.0   - 1137:0034 - Multimedia device
   02:02.0    - 111d:8074 - Bridge device
    05:00.0   - 1137:0033 - Multimedia device
   02:03.0    - 111d:8074 - Bridge device
   02:04.0    - 111d:8074 - Bridge device
    07:00.0   - 1137:0033 - Multimedia device
   02:05.0    - 111d:8074 - Bridge device
   02:06.0    - 111d:8074 - Bridge device
    09:00.0   - 11ab:04c1 - Memory controller
   02:07.0    - 111d:8074 - Bridge device
   02:08.0    - 111d:8074 - Bridge device
    0b:00.0   - 11ab:04c1 - Memory controller
   02:09.0    - 111d:8074 - Bridge device
   02:0a.0    - 111d:8074 - Bridge device
   02:0b.0    - 111d:8074 - Bridge device
   02:0c.0    - 111d:8074 - Bridge device
   02:0d.0    - 111d:8074 - Bridge device
   02:0f.0    - 111d:8074 - Bridge device

fsl_pci_init_port 638
PCIe1: Bus 00 - 11

fsl_pcie_init_board 827

fsl_pcie_init_board 851
In:    serial
Out:   serial
Err:   serial
Net:   No ethernet found.
Hit any key to stop autoboot:  5 RP/0/RSP1/CPU0:Nov 13 17:54:53.628 : shelfmgr[393]: %PLATFORM-SHELFMGR-6-NODE_NORESET : Node 0/4/CPU0 is in NMON state, Cancel reset request  
 0 
=> boot
WARNING: adjusting available memory to 30000000
## Booting kernel from Legacy Image at 01300000 ...
   Image Name:   Linux-3.10.19
   Image Type:   PowerPC Linux Kernel Image (gzip compressed)
   Data Size:    4100302 Bytes = 3.9 MiB
   Load Address: 00000000
   Entry Point:  00000000
   Verifying Checksum ... OK
## Loading init Ramdisk from Legacy Image at 0c000000 ...
   Image Name:   Anand busybox
   Image Type:   PowerPC Linux RAMDisk Image (gzip compressed)
   Data Size:    38144236 Bytes = 36.4 MiB
   Load Address: 00000000
   Entry Point:  00000000
   Verifying Checksum ... OK
## Flattened Device Tree blob at 01200000
   Booting using the fdt blob at 0x1200000
   Uncompressing Kernel Image ... OK
Rupam do_bootm_states OS = 5 argc = 0 states 0x74f
Rupam do_bootm_linux 1 flag 0x100 argc 0 of_fdt 01200000
Rupam do_bootm_states running linux kernel now
Rupam do_bootm_linux 1 flag 0x400 argc 0 of_fdt 01200000

image_setup_linux 0x1200000 0x94df
   Loading Ramdisk to 2db9f000, end 2ffff8ec ... OK
   Loading Device Tree to 03fe3000, end 03fff4de ... OK

SIVA: ft_board_setup

SPAG : ft_cpu_setup, 652

..7..

SPAG : fdt_fixup_fman_firmware, 478

SPAG : fdt_fixup_fman_firmware, 483

SPAG : fdt_fixup_fman_firmware, 488

SPAG : fdt_fixup_fman_firmware, 504

SPAG : fdt_fixup_fman_firmware, 520

SPAG : fdt_fixup_fman_firmware, 528

SPAG : fdt_fixup_fman_firmware, 537

SPAG : fdt_fixup_fman_firmware, 548

SPAG : fdt_fixup_fman_firmware, 558

SPAG : fdt_fixup_fman_firmware, 568

..r.
SIVA: mp.c: spin_table_addr ffffffffffffffff

SIVA: spin_tbl_addr 0xffffffff
Firo u-boot:cpu release addr 7fe2d8e8, value 0
Firo u-boot:cpu release addr 7fe2d8e8, value 1
Firo u-boot:cpu release addr 7fe2d8e8, value 1
Firo u-boot:cpu release addr 7fe2d8e8, value 1
Firo u-boot:cpu release addr 7fe2d8e8, value 1
Firo u-boot:cpu release addr 7fe2d8e8, value 1
Firo u-boot:cpu release addr 7fe2d8e8, value 1
Firo u-boot:cpu release addr 7fe2d8e8, value 1
SIVA: spin_tbl_addr 0xffffffff > memory_limit 0x80000000
get_sys_info 287 

get_sys_info 296 

get_sys_info 426 

fdt_portal,96, addr : 0xfffffff3 

fdt_portal,96, addr : 0xfffffff3 
Warning: U-Boot configured CCSR at address fe7000000,
but the device tree has it at e7000000
Warning: U-Boot configured device serial0 at address fe711c500,
 but the device tree has it address e711c500.
Warning: U-Boot configured device serial1 at address fe711c600,
 but the device tree has it address e711c600.
Using P4080 DS machine description
Memory CAM mapping: 256/256/256 Mb, residual: 1280Mb
Linux version 3.10.19 (sithiruk@sjc-ads-1777) (gcc version 4.8.1 (Wind River Linux Sourcery CodeBench 4.8-36) ) #4 SMP Thu Nov 12 22:38:02 PST 2015
Found initrd at 0xedb9f000:0xeffff8ec
CPU maps initialized for 1 thread per core
bootconsole [udbg0] enabled
setup_arch: bootmem
P4080 DS board from Freescale Semiconductor
arch: exit
Zone ranges:
  DMA      [mem 0x00000000-0x2fffffff]
  Normal   empty
  HighMem  [mem 0x30000000-0x7fffffff]
Movable zone start for each node
Early memory node ranges
  node   0: [mem 0x00000000-0x7fffffff]
MMU: Allocated 1088 bytes of context maps for 255 contexts
PERCPU: Embedded 8 pages/cpu @c1923000 s11904 r8192 d12672 u32768
Built 1 zonelists in Zone order, mobility grouping on.  Total pages: 522752
Kernel command line: 
PID hash table entries: 4096 (order: 2, 16384 bytes)
Dentry cache hash table entries: 131072 (order: 7, 524288 bytes)
Inode-cache hash table entries: 65536 (order: 6, 262144 bytes)
Sorting __ex_table...
Memory: 1966964k/2097152k available (7988k kernel code, 130188k reserved, 336k data, 972k bss, 308k init)
Kernel virtual memory layout:
  * 0xfff5f000..0xfffff000  : fixmap
  * 0xffc00000..0xffe00000  : highmem PTEs
  * 0xffbfd000..0xffc00000  : early ioremap
  * 0xf1000000..0xffbfd000  : vmalloc & ioremap
Hierarchical RCU implementation.
        RCU restricting CPUs from NR_CPUS=8 to nr_cpu_ids=4.
NR_IRQS:512 nr_irqs:512 16
mpic: Setting up MPIC " OpenPIC  " version 1.2 at e7040000, max 4 CPUs
mpic: ISU size: 512, shift: 9, mask: 1ff
mpic: Initializing for 512 sources
clocksource: timebase mult[14000000] shift[24] registered
Console: colour dummy device 80x25
pid_max: default: 32768 minimum: 301
Security Framework initialized
Mount-cache hash table entries: 512
mpic: requesting IPIs...
e500 family performance monitor hardware support registered
Firo:cpu nr1 release addr c3fe352c, spin_table f101403f, ioremmappable 1
#spin_table is virt addr, cpu release addr is physical
Firo: kernel origin spin tbale addr_l 5aa5a5a5, pir 5aa5a5a5, resv a55a5a5a, r3 5aa5a5a5, pa 50
Firo: kernel update spin tbale addr_l 50, pir 1, resv a55a5a5a, r3 5aa5a5a5
Firo: kernel timeout spin tbale addr_l 50, pir 1, resv a55a5a5a, r3 5aa5a5a5
smp_85xx_kick_cpu: timeout waiting for core 1 to ack
smp: failed starting cpu 1 (rc -2)
Firo:cpu nr2 release addr c3fe3740, spin_table f101607f, ioremmappable 1
Firo: kernel origin spin tbale addr_l 5aa5a5a5, pir 5aa5a5a5, resv a55a5a5a, r3 5aa5a5a5, pa 50
Firo: kernel update spin tbale addr_l 50, pir 2, resv a55a5a5a, r3 5aa5a5a5
Firo: kernel timeout spin tbale addr_l 50, pir 2, resv a55a5a5a, r3 5aa5a5a5
smp_85xx_kick_cpu: timeout waiting for core 2 to ack
smp: failed starting cpu 2 (rc -2)
Firo:cpu nr3 release addr c3fe3954, spin_table f101e0bf, ioremmappable 1
Firo: kernel origin spin tbale addr_l 5aa5a5a5, pir 5aa5a5a5, resv a55a5a5a, r3 5aa5a5a5, pa 50
Firo: kernel update spin tbale addr_l 50, pir 3, resv a55a5a5a, r3 5aa5a5a5
Firo: kernel timeout spin tbale addr_l 50, pir 3, resv a55a5a5a, r3 5aa5a5a5
smp_85xx_kick_cpu: timeout waiting for core 3 to ack
smp: failed starting cpu 3 (rc -2)
Brought up 1 CPUs
devtmpfs: initialized
NET: Registered protocol family 16
             
Found FSL PCI host bridge at 0x00000000e7200000. Firmware bus number: 0->255
PCI host bridge /pcie@e7200000 (primary) ranges:
 MEM 0x0000000c00000000..0x0000000c1fffffff -> 0x00000000e0000000 
  IO 0x0000000ff8000000..0x0000000ff800ffff -> 0x0000000000000000
/pcie@e7200000: PCICSRBAR @ 0xdf000000
Found FSL PCI host bridge at 0x00000000e7201000. Firmware bus number: 0->255
PCI host bridge /pcie@e7201000  ranges:
 MEM 0x0000000c20000000..0x0000000c3fffffff -> 0x00000000e0000000 
  IO 0x0000000ff8010000..0x0000000ff801ffff -> 0x0000000000000000
/pcie@e7201000: PCICSRBAR @ 0xdf000000
Found FSL PCI host bridge at 0x00000000e7202000. Firmware bus number: 0->255
PCI host bridge /pcie@e7202000  ranges:
 MEM 0x0000000c40000000..0x0000000c5fffffff -> 0x00000000e0000000 
  IO 0x0000000ff8020000..0x0000000ff802ffff -> 0x0000000000000000
/pcie@e7202000: PCICSRBAR @ 0xdf000000
PCI: Probing PCI hardware
fsl-pci e7200000.pcie: PCI host bridge to bus 0000:00
pci_bus 0000:00: root bus resource [io  0x0000-0xffff]
pci_bus 0000:00: root bus resource [mem 0xc00000000-0xc1fffffff] (bus address [0xe0000000-0xffffffff])
pci_bus 0000:00: root bus resource [bus 00-ff]
pci 0000:00:00.0: PCI bridge to [bus 01-ff]
pci 0000:01:00.0: PCI bridge to [bus 02-ff]
pci 0000:02:00.0: PCI bridge to [bus 03-ff]
pci 0000:02:01.0: PCI bridge to [bus 04-ff]
pci 0000:02:02.0: PCI bridge to [bus 05-ff]
pci 0000:02:03.0: PCI bridge to [bus 06-ff]
pci 0000:02:04.0: PCI bridge to [bus 07-ff]
pci 0000:02:05.0: PCI bridge to [bus 08-ff]
pci 0000:09:00.0: disabling ASPM on pre-1.1 PCIe device.  You can enable it with 'pcie_aspm=force'
pci 0000:02:06.0: PCI bridge to [bus 09-ff]
pci 0000:02:07.0: PCI bridge to [bus 0a-ff]
pci 0000:0b:00.0: disabling ASPM on pre-1.1 PCIe device.  You can enable it with 'pcie_aspm=force'
pci 0000:02:08.0: PCI bridge to [bus 0b-ff]
pci 0000:02:09.0: PCI bridge to [bus 0c-ff]
pci 0000:02:0a.0: PCI bridge to [bus 0d-ff]
pci 0000:02:0b.0: PCI bridge to [bus 0e-ff]
pci 0000:02:0c.0: PCI bridge to [bus 0f-ff]
pci 0000:02:0d.0: PCI bridge to [bus 10-ff]
pci 0000:02:0f.0: PCI bridge to [bus 11-ff]
fsl-pci e7201000.pcie: PCI host bridge to bus 0001:12
pci_bus 0001:12: root bus resource [io  0x20000-0x2ffff] (bus address [0x0000-0xffff])
pci_bus 0001:12: root bus resource [mem 0xc20000000-0xc3fffffff] (bus address [0xe0000000-0xffffffff])
pci_bus 0001:12: root bus resource [bus 12-ff]
pci 0001:12:00.0: bridge configuration invalid ([bus 00-00]), reconfiguring
pci 0001:12:00.0: PCI bridge to [bus 13-ff]
pci 0001:13:00.0: bridge configuration invalid ([bus 00-00]), reconfiguring
pci 0001:13:00.0: PCI bridge to [bus 14-ff]
pci 0001:14:01.0: bridge configuration invalid ([bus 00-00]), reconfiguring
pci 0001:14:04.0: bridge configuration invalid ([bus 00-00]), reconfiguring
pci 0001:14:05.0: bridge configuration invalid ([bus 00-00]), reconfiguring
pci 0001:14:01.0: PCI bridge to [bus 15-ff]
pci 0001:14:04.0: PCI bridge to [bus 16-ff]
pci 0001:14:05.0: PCI bridge to [bus 17-ff]
fsl-pci e7202000.pcie: PCI host bridge to bus 0002:18
pci_bus 0002:18: root bus resource [io  0x40000-0x4ffff] (bus address [0x0000-0xffff])
pci_bus 0002:18: root bus resource [mem 0xc40000000-0xc5fffffff] (bus address [0xe0000000-0xffffffff])
pci_bus 0002:18: root bus resource [bus 18-ff]
pci 0002:18:00.0: bridge configuration invalid ([bus 00-00]), reconfiguring
pci 0002:18:00.0: PCI bridge to [bus 19-ff]
pci 0002:19:00.0: bridge configuration invalid ([bus 00-00]), reconfiguring
pci 0002:19:00.0: PCI bridge to [bus 1a-ff]
pci 0002:1a:01.0: bridge configuration invalid ([bus 00-00]), reconfiguring
pci 0002:1a:04.0: bridge configuration invalid ([bus 00-00]), reconfiguring
pci 0002:1a:05.0: bridge configuration invalid ([bus 00-00]), reconfiguring
pci 0002:1a:01.0: PCI bridge to [bus 1b-ff]
pci 0002:1a:04.0: PCI bridge to [bus 1c-ff]
pci 0002:1a:05.0: PCI bridge to [bus 1d-ff]
PCI: Cannot allocate resource region 0 of device 0000:00:00.0, will remap
PCI: Cannot allocate resource region 0 of device 0001:12:00.0, will remap
PCI: Cannot allocate resource region 0 of device 0002:18:00.0, will remap
pci 0000:00:00.0: BAR 0: can't allocate mem resource [mem 0x00000000-0x00ffffff]
pci 0000:00:00.0: BAR 16: can't allocate mem pref resource [mem 0x00800000-0x037fffff 64bit pref]
pci 0000:01:00.0: BAR 16: assigned [mem 0xc05000000-0xc07ffffff 64bit pref]
pci 0000:02:01.0: BAR 16: assigned [mem 0xc05000000-0xc05ffffff 64bit pref]
pci 0000:02:02.0: BAR 16: assigned [mem 0xc06000000-0xc063fffff 64bit pref]
pci 0000:02:04.0: BAR 16: assigned [mem 0xc06400000-0xc067fffff 64bit pref]
pci 0000:02:06.0: BAR 16: assigned [mem 0xc06800000-0xc073fffff 64bit pref]
pci 0000:02:08.0: BAR 16: assigned [mem 0xc07400000-0xc07ffffff 64bit pref]
pci 0000:02:00.0: PCI bridge to [bus 03]
pci 0000:02:01.0: PCI bridge to [bus 04]
pci 0000:02:01.0:   bridge window [mem 0xc00000000-0xc01ffffff]
pci 0000:02:01.0:   bridge window [mem 0xc05000000-0xc05ffffff 64bit pref]
pci 0000:02:02.0: PCI bridge to [bus 05]
pci 0000:02:02.0:   bridge window [mem 0xc02000000-0xc027fffff]
pci 0000:02:02.0:   bridge window [mem 0xc06000000-0xc063fffff 64bit pref]
pci 0000:02:03.0: PCI bridge to [bus 06]
pci 0000:02:04.0: PCI bridge to [bus 07]
pci 0000:02:04.0:   bridge window [mem 0xc02800000-0xc02ffffff]
pci 0000:02:04.0:   bridge window [mem 0xc06400000-0xc067fffff 64bit pref]
pci 0000:02:05.0: PCI bridge to [bus 08]
pci 0000:02:06.0: PCI bridge to [bus 09]
pci 0000:02:06.0:   bridge window [mem 0xc03000000-0xc03ffffff]
pci 0000:02:06.0:   bridge window [mem 0xc06800000-0xc073fffff 64bit pref]
pci 0000:02:07.0: PCI bridge to [bus 0a]
pci 0000:02:08.0: PCI bridge to [bus 0b]
pci 0000:02:08.0:   bridge window [mem 0xc04000000-0xc04ffffff]
pci 0000:02:08.0:   bridge window [mem 0xc07400000-0xc07ffffff 64bit pref]
pci 0000:02:09.0: PCI bridge to [bus 0c]
pci 0000:02:0a.0: PCI bridge to [bus 0d]
pci 0000:02:0b.0: PCI bridge to [bus 0e]
pci 0000:02:0c.0: PCI bridge to [bus 0f]
pci 0000:02:0d.0: PCI bridge to [bus 10]
pci 0000:02:0f.0: PCI bridge to [bus 11]
pci 0000:01:00.0: PCI bridge to [bus 02-11]
pci 0000:01:00.0:   bridge window [mem 0xc00000000-0xc04ffffff]
pci 0000:01:00.0:   bridge window [mem 0xc05000000-0xc07ffffff 64bit pref]
pci 0000:00:00.0: PCI bridge to [bus 01-11]
pci 0000:00:00.0:   bridge window [io  0x0000-0xffff]
pci 0000:00:00.0:   bridge window [mem 0xc00000000-0xc1fffffff]
pci 0001:12:00.0: BAR 0: can't allocate mem resource [mem 0x00000000-0x00ffffff]
pci 0001:13:00.0: BAR 0: assigned [mem 0xc20000000-0xc2001ffff]
pci 0001:14:01.0: PCI bridge to [bus 15]
pci 0001:14:04.0: PCI bridge to [bus 16]
pci 0001:14:05.0: PCI bridge to [bus 17]
pci 0001:13:00.0: PCI bridge to [bus 14-17]
pci 0001:12:00.0: PCI bridge to [bus 13-17]
pci 0001:12:00.0:   bridge window [io  0x20000-0x2ffff]
pci 0001:12:00.0:   bridge window [mem 0xc20000000-0xc3fffffff]
pci 0002:18:00.0: BAR 0: can't allocate mem resource [mem 0x00000000-0x00ffffff]
pci 0002:19:00.0: BAR 0: assigned [mem 0xc40000000-0xc4001ffff]
pci 0002:1a:01.0: PCI bridge to [bus 1b]
pci 0002:1a:04.0: PCI bridge to [bus 1c]
pci 0002:1a:05.0: PCI bridge to [bus 1d]
pci 0002:19:00.0: PCI bridge to [bus 1a-1d]
pci 0002:18:00.0: PCI bridge to [bus 19-1d]
pci 0002:18:00.0:   bridge window [io  0x40000-0x4ffff]
pci 0002:18:00.0:   bridge window [mem 0xc40000000-0xc5fffffff]
Some PCI device resources are unassigned, try booting with pci=realloc
pci 0001:13:00.0: enabling device (0000 -> 0002)
pci 0002:19:00.0: enabling device (0000 -> 0002)
bio: create slab <bio-0> at 0
Freescale Elo series DMA driver
fsl-elo-dma e7100300.dma: #0 (fsl,eloplus-dma-channel), irq 28
fsl-elo-dma e7100300.dma: #1 (fsl,eloplus-dma-channel), irq 29
fsl-elo-dma e7100300.dma: #2 (fsl,eloplus-dma-channel), irq 30
fsl-elo-dma e7100300.dma: #3 (fsl,eloplus-dma-channel), irq 31
fsl-elo-dma e7101300.dma: #0 (fsl,eloplus-dma-channel), irq 32
fsl-elo-dma e7101300.dma: #1 (fsl,eloplus-dma-channel), irq 33
fsl-elo-dma e7101300.dma: #2 (fsl,eloplus-dma-channel), irq 34
fsl-elo-dma e7101300.dma: #3 (fsl,eloplus-dma-channel), irq 35
vgaarb: loaded
SCSI subsystem initialized
usbcore: registered new interface driver usbfs
usbcore: registered new interface driver hub
usbcore: registered new device driver usb
pps_core: LinuxPPS API ver. 1 registered
pps_core: Software ver. 5.3.6 - Copyright 2005-2007 Rodolfo Giometti <giometti@linux.it>
PTP clock support registered
EDAC MC: Ver: 3.0.0
Advanced Linux Sound Architecture Driver Initialized.
Switching to clocksource timebase
FS-Cache: Loaded
NET: Registered protocol family 2
TCP established hash table entries: 8192 (order: 4, 65536 bytes)
TCP bind hash table entries: 8192 (order: 4, 65536 bytes)
TCP: Hash tables configured (established 8192 bind 8192)
TCP: reno registered
UDP hash table entries: 512 (order: 2, 16384 bytes)
UDP-Lite hash table entries: 512 (order: 2, 16384 bytes)
NET: Registered protocol family 1
RPC: Registered named UNIX socket transport module.
RPC: Registered udp transport module.
RPC: Registered tcp transport module.
RPC: Registered tcp NFSv4.1 backchannel transport module.
Trying to unpack rootfs image as initramfs...
rootfs image is not initramfs (no cpio magic); looks like an initrd
Freeing initrd memory: 37248K (edb9f000 - effff000)
fsl-rcpm e70e2000.global-utilities: Freescale RCPM driver
audit: initializing netlink socket (disabled)
type=2000 audit(1.744:1): initialized
bounce pool size: 64 pages
HugeTLB registered 1 MB page size, pre-allocated 0 pages
HugeTLB registered 4 MB page size, pre-allocated 0 pages
HugeTLB registered 16 MB page size, pre-allocated 0 pages
HugeTLB registered 64 MB page size, pre-allocated 0 pages
HugeTLB registered 256 MB page size, pre-allocated 0 pages
HugeTLB registered 1 GB page size, pre-allocated 0 pages
VFS: Disk quotas dquot_6.5.2
Dquot-cache hash table entries: 1024 (order 0, 4096 bytes)
Installing knfsd (copyright (C) 1996 okir@monad.swb.de).
jffs2: version 2.2. (NAND) Â© 2001-2006 Red Hat, Inc.
msgmni has been set to 1483
Block layer SCSI generic (bsg) driver version 0.4 loaded (major 251)
io scheduler noop registered
io scheduler deadline registered
io scheduler cfq registered (default)
pci_hotplug: PCI Hot Plug PCI Core version: 0.5
shpchp: Standard Hot Plug PCI Controller Driver version: 0.4
Freescale Display Interface Unit (DIU) framebuffer driver
??Y?ial8250.0: ttyS0 at MMIO 0xe711c500 (irq = 36) is a 16550A
console [ttyS0] enabled, bootconsole disabled
console [ttyS0] enabled, bootconsole disabled
serial8250.0: ttyS1 at MMIO 0xe711c600 (irq = 36) is a 16550A
serial8250 serial8250.0: unable to register port at index 2 (IO0 MEMe711d500 IRQ37): -28
serial8250 serial8250.0: unable to register port at index 3 (IO0 MEMe711d600 IRQ37): -28
Generic non-volatile memory driver v1.1
brd: module loaded
loop: module loaded
st: Version 20101219, fixed bufsize 32768, s/g segs 256
libphy: Freescale PowerQUICC MII Bus: probed
mdio_bus mdio@e74e1120: cannot get PHY at address 8
ehci_hcd: USB 2.0 'Enhanced' Host Controller (EHCI) Driver
ehci-pci: EHCI PCI platform driver
fsl-ehci fsl-ehci.0: Freescale On-Chip EHCI Host Controller
fsl-ehci fsl-ehci.0: new USB bus registered, assigned bus number 1
fsl-ehci fsl-ehci.0: irq 44, io mem 0xe7210000
fsl-ehci fsl-ehci.0: USB 2.0 started, EHCI 1.00
usb usb1: New USB device found, idVendor=1d6b, idProduct=0002
usb usb1: New USB device strings: Mfr=3, Product=2, SerialNumber=1
usb usb1: Product: Freescale On-Chip EHCI Host Controller
usb usb1: Manufacturer: Linux 3.10.19 ehci_hcd
usb usb1: SerialNumber: fsl-ehci.0
hub 1-0:1.0: USB hub found
hub 1-0:1.0: 1 port detected
fsl-ehci fsl-ehci.0: wrong operating mode
caam e7300000.crypto: device ID = 0x0a10030000000000 (Era -524)
caam e7300000.crypto: job rings = 4, qi = 1
caam e7300000.crypto: fsl,sec-v4.0 algorithms registered in /proc/crypto
platform e7301000.jr: registering rng-caam
caam e7300000.crypto: fsl,sec-v4.0 algorithms registered in /proc/crypto
usbcore: registered new interface driver usbhid
usbhid: USB HID core driver
drop_monitor: Initializing network drop monitor service
ipip: IPv4 over IPv4 tunneling driver
TCP: cubic registered
Initializing XFRM netlink socket
NET: Registered protocol family 10
mip6: Mobile IPv6
NET: Registered protocol family 17
Key type dns_resolver registered
registered taskstats version 1
IMA: No TPM chip found, activating TPM-bypass!
console [netcon0] enabled
netconsole: network logging started
/nobackup/sithiruk/exr/thirdparty/opensource/linux/linux-3.10.19/drivers/rtc/hctosys.c: unable to open rtc device (rtc0)
ALSA device list:
  No soundcards found.
md: Waiting for all devices to be available before autodetect
md: If you don't use raid, use raid=noautodetect
md: Autodetecting RAID arrays.
md: Scanned 0 and added 0 devices.
md: autorun ...
md: ... autorun DONE.
RAMDISK: gzip image found at block 0
usb 1-1: device not accepting address 4, error -71
usb 1-1: device not accepting address 5, error -71
hub 1-0:1.0: unable to enumerate USB device on port 1
VFS: Mounted root (ext2 filesystem) readonly on device 1:0.
devtmpfs: mounted
Freeing unused kernel memory: 308K (c0780000 - c07cd000)
INIT: version 2.88 booting
Starting udev
udevd[913]: starting version 182
udevd[913]: no sender credentials received, message ignored

udevd[913]: no sender credentials received, message ignored
